Component: ARM Compiler 5.06 update 4 (build 422) Tool: armlink [4d35d2]

==============================================================================

Section Cross References

    startup_stm32f103xe.o(STACK) refers (Special) to heapauxi.o(.text) for __use_two_region_memory
    startup_stm32f103xe.o(HEAP) refers (Special) to heapauxi.o(.text) for __use_two_region_memory
    startup_stm32f103xe.o(RESET) refers (Special) to heapauxi.o(.text) for __use_two_region_memory
    startup_stm32f103xe.o(RESET) refers to startup_stm32f103xe.o(STACK) for __initial_sp
    startup_stm32f103xe.o(RESET) refers to startup_stm32f103xe.o(.text) for Reset_Handler
    startup_stm32f103xe.o(.text) refers (Special) to heapauxi.o(.text) for __use_two_region_memory
    startup_stm32f103xe.o(.text) refers to system_stm32f1xx.o(i.SystemInit) for SystemInit
    startup_stm32f103xe.o(.text) refers to __main.o(!!!main) for __main
    startup_stm32f103xe.o(.text) refers to startup_stm32f103xe.o(HEAP) for Heap_Mem
    startup_stm32f103xe.o(.text) refers to startup_stm32f103xe.o(STACK) for Stack_Mem
    main.o(i.RCC_Init) refers to main.o(i.Error_Handle) for Error_Handle
    main.o(i.RCC_Init) refers to system_stm32f1xx.o(.data) for SystemCoreClock
    main.o(i.main) refers to main.o(i.RCC_Init) for RCC_Init
    main.o(i.main) refers to gpio.o(i.GPIO_Init) for GPIO_Init
    main.o(i.main) refers to usart.o(i.USART_Init) for USART_Init
    main.o(i.main) refers to spi.o(i.SPI_Init) for SPI_Init
    main.o(i.main) refers to sdio.o(i.SDIOEx_Init) for SDIOEx_Init
    main.o(i.main) refers to eeprom.o(i.EEPROM_Init) for EEPROM_Init
    main.o(i.main) refers to usart.o(i.uartprintf) for uartprintf
    main.o(i.main) refers to boot.o(i.BootargsInit) for BootargsInit
    main.o(i.main) refers to boot.o(i.GetBootargFromEEP) for GetBootargFromEEP
    main.o(i.main) refers to boot.o(i.GetBootargFromDefault) for GetBootargFromDefault
    main.o(i.main) refers to boot.o(i.autoboot) for autoboot
    main.o(i.main) refers to boot.o(i.bootm) for bootm
    main.o(i.main) refers to usart.o(i.USART_RxProcess) for USART_RxProcess
    system_stm32f1xx.o(i.SystemCoreClockUpdate) refers to system_stm32f1xx.o(.data) for SystemCoreClock
    system_stm32f1xx.o(i.SystemCoreClockUpdate) refers to system_stm32f1xx.o(.constdata) for AHBPrescTable
    flash.o(i.FLASH_Erase) refers to flash.o(i.FLASH_WaitForFinish) for FLASH_WaitForFinish
    flash.o(i.FLASH_Program) refers to flash.o(i.FLASH_WaitForFinish) for FLASH_WaitForFinish
    flash.o(i.FLASH_Program) refers to main.o(i.Error_Handle) for Error_Handle
    gpio.o(i.GPIO_Init) refers to gpio.o(i.GPIOxL_Init) for GPIOxL_Init
    gpio.o(i.GPIO_Init) refers to gpio.o(i.GPIOxH_Init) for GPIOxH_Init
    gpio.o(i.GPIO_Init) refers to gpio.o(.constdata) for GPIO_PINS_L
    usart.o(i.USART_RxProcess) refers to rt_memclr.o(.text) for __aeabi_memclr
    usart.o(i.USART_RxProcess) refers to usart.o(i.uartprintf) for uartprintf
    usart.o(i.USART_RxProcess) refers to boot.o(i.execute_command) for execute_command
    usart.o(i.USART_RxProcess) refers to usart.o(i.USART_SendData) for USART_SendData
    usart.o(i.USART_RxProcess) refers to usart.o(.data) for rxCnt
    usart.o(i.USART_RxProcess) refers to usart.o(.bss) for rxBuf
    usart.o(i.uartprintf) refers to rt_memclr.o(.text) for __aeabi_memclr
    usart.o(i.uartprintf) refers to c89vsnprintf.o(.text) for __c89vsnprintf
    usart.o(i.uartprintf) refers to strlen.o(.text) for strlen
    usart.o(i.uartprintf) refers to usart.o(i.USART_SendData) for USART_SendData
    usart.o(i.uartprintf) refers to usart.o(.bss) for UsartTxBuf
    sdio.o(i.CmdError) refers to stm32_sdio.o(i.SDIO_GetFlagStatus) for SDIO_GetFlagStatus
    sdio.o(i.CmdError) refers to stm32_sdio.o(i.SDIO_ClearFlag) for SDIO_ClearFlag
    sdio.o(i.CmdResp1Error) refers to stm32_sdio.o(i.SDIO_ClearFlag) for SDIO_ClearFlag
    sdio.o(i.CmdResp1Error) refers to stm32_sdio.o(i.SDIO_GetCommandResponse) for SDIO_GetCommandResponse
    sdio.o(i.CmdResp1Error) refers to stm32_sdio.o(i.SDIO_GetResponse) for SDIO_GetResponse
    sdio.o(i.CmdResp2Error) refers to stm32_sdio.o(i.SDIO_ClearFlag) for SDIO_ClearFlag
    sdio.o(i.CmdResp3Error) refers to stm32_sdio.o(i.SDIO_ClearFlag) for SDIO_ClearFlag
    sdio.o(i.CmdResp6Error) refers to stm32_sdio.o(i.SDIO_ClearFlag) for SDIO_ClearFlag
    sdio.o(i.CmdResp6Error) refers to stm32_sdio.o(i.SDIO_GetCommandResponse) for SDIO_GetCommandResponse
    sdio.o(i.CmdResp6Error) refers to stm32_sdio.o(i.SDIO_GetResponse) for SDIO_GetResponse
    sdio.o(i.CmdResp7Error) refers to stm32_sdio.o(i.SDIO_ClearFlag) for SDIO_ClearFlag
    sdio.o(i.FindSCR) refers to stm32_sdio.o(i.SDIO_SendCommand) for SDIO_SendCommand
    sdio.o(i.FindSCR) refers to sdio.o(i.CmdResp1Error) for CmdResp1Error
    sdio.o(i.FindSCR) refers to stm32_sdio.o(i.SDIO_DataConfig) for SDIO_DataConfig
    sdio.o(i.FindSCR) refers to stm32_sdio.o(i.SDIO_GetFlagStatus) for SDIO_GetFlagStatus
[...]
    .ARM.Collect$$libinit$$00000023          0x08000252   Section        0  libinit2.o(.ARM.Collect$$libinit$$00000023)
    .ARM.Collect$$libinit$$00000025          0x08000252   Section        0  libinit2.o(.ARM.Collect$$libinit$$00000025)
    .ARM.Collect$$libinit$$0000002C          0x08000252   Section        0  libinit2.o(.ARM.Collect$$libinit$$0000002C)
    .ARM.Collect$$libinit$$0000002E          0x08000252   Section        0  libinit2.o(.ARM.Collect$$libinit$$0000002E)
    .ARM.Collect$$libinit$$00000030          0x08000252   Section        0  libinit2.o(.ARM.Collect$$libinit$$00000030)
    .ARM.Collect$$libinit$$00000032          0x08000252   Section        0  libinit2.o(.ARM.Collect$$libinit$$00000032)
    .ARM.Collect$$libinit$$00000033          0x08000252   Section        2  libinit2.o(.ARM.Collect$$libinit$$00000033)
    .ARM.Collect$$libshutdown$$00000000      0x08000254   Section        2  libshutdown.o(.ARM.Collect$$libshutdown$$00000000)
    .ARM.Collect$$libshutdown$$00000002      0x08000256   Section        0  libshutdown2.o(.ARM.Collect$$libshutdown$$00000002)
    .ARM.Collect$$libshutdown$$00000004      0x08000256   Section        0  libshutdown2.o(.ARM.Collect$$libshutdown$$00000004)
    .ARM.Collect$$libshutdown$$00000007      0x08000256   Section        0  libshutdown2.o(.ARM.Collect$$libshutdown$$00000007)
    .ARM.Collect$$libshutdown$$0000000A      0x08000256   Section        0  libshutdown2.o(.ARM.Collect$$libshutdown$$0000000A)
    .ARM.Collect$$libshutdown$$0000000C      0x08000256   Section        0  libshutdown2.o(.ARM.Collect$$libshutdown$$0000000C)
    .ARM.Collect$$libshutdown$$0000000F      0x08000256   Section        0  libshutdown2.o(.ARM.Collect$$libshutdown$$0000000F)
    .ARM.Collect$$libshutdown$$00000010      0x08000256   Section        2  libshutdown2.o(.ARM.Collect$$libshutdown$$00000010)
    .ARM.Collect$$rtentry$$00000000          0x08000258   Section        0  __rtentry.o(.ARM.Collect$$rtentry$$00000000)
    .ARM.Collect$$rtentry$$00000002          0x08000258   Section        0  __rtentry2.o(.ARM.Collect$$rtentry$$00000002)
    .ARM.Collect$$rtentry$$00000004          0x08000258   Section        6  __rtentry4.o(.ARM.Collect$$rtentry$$00000004)
    .ARM.Collect$$rtentry$$00000009          0x0800025e   Section        0  __rtentry2.o(.ARM.Collect$$rtentry$$00000009)
    .ARM.Collect$$rtentry$$0000000A          0x0800025e   Section        4  __rtentry2.o(.ARM.Collect$$rtentry$$0000000A)
    .ARM.Collect$$rtentry$$0000000C          0x08000262   Section        0  __rtentry2.o(.ARM.Collect$$rtentry$$0000000C)
    .ARM.Collect$$rtentry$$0000000D          0x08000262   Section        8  __rtentry2.o(.ARM.Collect$$rtentry$$0000000D)
    .ARM.Collect$$rtexit$$00000000           0x0800026a   Section        2  rtexit.o(.ARM.Collect$$rtexit$$00000000)
    .ARM.Collect$$rtexit$$00000002           0x0800026c   Section        0  rtexit2.o(.ARM.Collect$$rtexit$$00000002)
    .ARM.Collect$$rtexit$$00000003           0x0800026c   Section        4  rtexit2.o(.ARM.Collect$$rtexit$$00000003)
    .ARM.Collect$$rtexit$$00000004           0x08000270   Section        6  rtexit2.o(.ARM.Collect$$rtexit$$00000004)
    .text                                    0x08000278   Section       64  startup_stm32f103xe.o(.text)
    .text                                    0x080002b8   Section        0  c89vsnprintf.o(.text)
    .text                                    0x080002ec   Section        0  atoi.o(.text)
    .text                                    0x08000308   Section        0  strtok.o(.text)
    .text                                    0x08000314   Section        0  strcpy.o(.text)
    .text                                    0x0800035c   Section        0  strlen.o(.text)
    .text                                    0x0800039a   Section        0  strncmp.o(.text)
    .text                                    0x08000430   Section      138  rt_memcpy_v6.o(.text)
    .text                                    0x080004ba   Section       16  aeabi_memset.o(.text)
    .text                                    0x080004ca   Section       68  rt_memclr.o(.text)
    .text                                    0x0800050e   Section       78  rt_memclr_w.o(.text)
    .text                                    0x0800055c   Section      128  strcmpv7m.o(.text)
    .text                                    0x080005dc   Section        0  heapauxi.o(.text)
    .text                                    0x080005e4   Section        8  rt_errno_addr_intlibspace.o(.text)
    .text                                    0x080005ec   Section        0  _printf_pad.o(.text)
    .text                                    0x0800063a   Section        0  _printf_truncate.o(.text)
    .text                                    0x0800065e   Section        0  _printf_str.o(.text)
    .text                                    0x080006b0   Section        0  _printf_dec.o(.text)
    .text                                    0x08000728   Section        0  _printf_charcount.o(.text)
    .text                                    0x08000750   Section        0  _printf_char_common.o(.text)
    _printf_input_char                       0x08000751   Thumb Code    10  _printf_char_common.o(.text)
    .text                                    0x08000780   Section        0  _sputc.o(.text)
    .text                                    0x0800078a   Section        0  _snputc.o(.text)
    .text                                    0x0800079c   Section        0  _printf_wctomb.o(.text)
    .text                                    0x08000858   Section        0  _printf_longlong_dec.o(.text)
    .text                                    0x080008d4   Section        0  _printf_oct_int_ll.o(.text)
    _printf_longlong_oct_internal            0x080008d5   Thumb Code     0  _printf_oct_int_ll.o(.text)
    .text                                    0x08000944   Section        0  _printf_hex_int_ll_ptr.o(.text)
    _printf_hex_common                       0x08000945   Thumb Code     0  _printf_hex_int_ll_ptr.o(.text)
    .text                                    0x080009d8   Section        0  __printf_flags_ss_wp.o(.text)
    .text                                    0x08000b60   Section        0  strtol.o(.text)
    .text                                    0x08000bd0   Section        0  strtok_int.o(.text)
    .text                                    0x08000c14   Section      100  rt_memcpy_w.o(.text)
    .text                                    0x08000c78   Section        8  libspace.o(.text)
    .text                                    0x08000c80   Section       16  rt_ctype_table.o(.text)
    .text                                    0x08000c90   Section      138  lludiv10.o(.text)
    .text                                    0x08000d1a   Section        0  _printf_intcommon.o(.text)
    .text                                    0x08000dcc   Section        0  _printf_fp_dec.o(.text)
    _fp_digits                               0x08000dcf   Thumb Code   428  _printf_fp_dec.o(.text)
    .text                                    0x080011e6   Section        0  _printf_char.o(.text)
    .text                                    0x08001212   Section        0  _printf_wchar.o(.text)
    .text                                    0x0800123e   Section        0  _strtoul.o(.text)
    .text                                    0x080012dc   Section        0  _wcrtomb.o(.text)
    .text                                    0x0800131c   Section        0  strcspn.o(.text)
    .text                                    0x0800133c   Section        0  strspn.o(.text)
    .text                                    0x08001358   Section       74  sys_stackheap_outer.o(.text)
    .text                                    0x080013a4   Section        8  rt_locale_intlibspace.o(.text)
    .text                                    0x080013ac   Section        0  _printf_fp_infnan.o(.text)
    .text                                    0x0800142c   Section        0  _chval.o(.text)
    .text                                    0x08001448   Section        0  bigflt0.o(.text)
    .text                                    0x08001524   Section        0  exit.o(.text)
    .text                                    0x08001538   Section        0  sys_exit.o(.text)
    .text                                    0x08001544   Section        2  use_no_semi.o(.text)
    .text                                    0x08001546   Section        0  indicate_semi.o(.text)
    CL$$btod_d2e                             0x08001546   Section       62  btod.o(CL$$btod_d2e)
    CL$$btod_d2e_denorm_low                  0x08001584   Section       70  btod.o(CL$$btod_d2e_denorm_low)
    CL$$btod_d2e_norm_op1                    0x080015ca   Section       96  btod.o(CL$$btod_d2e_norm_op1)
    CL$$btod_div_common                      0x0800162a   Section      824  btod.o(CL$$btod_div_common)
    CL$$btod_e2e                             0x08001962   Section      198  btod.o(CL$$btod_e2e)
    CL$$btod_ediv                            0x08001a28   Section       40  btod.o(CL$$btod_ediv)
    CL$$btod_emul                            0x08001a50   Section       40  btod.o(CL$$btod_emul)
    CL$$btod_mult_common                     0x08001a78   Section      580  btod.o(CL$$btod_mult_common)
    i.AppJump                                0x08001cbc   Section        0  boot.o(i.AppJump)
    i.BootargsInit                           0x08001d1c   Section        0  boot.o(i.BootargsInit)
    i.CmdError                               0x08001d2c   Section        0  sdio.o(i.CmdError)
    CmdError                                 0x08001d2d   Thumb Code    44  sdio.o(i.CmdError)
    i.CmdResp1Error                          0x08001d58   Section        0  sdio.o(i.CmdResp1Error)
    CmdResp1Error                            0x08001d59   Thumb Code   298  sdio.o(i.CmdResp1Error)
    i.CmdResp2Error                          0x08001e8c   Section        0  sdio.o(i.CmdResp2Error)
    CmdResp2Error                            0x08001e8d   Thumb Code    70  sdio.o(i.CmdResp2Error)
    i.CmdResp3Error                          0x08001ed8   Section        0  sdio.o(i.CmdResp3Error)
    CmdResp3Error                            0x08001ed9   Thumb Code    52  sdio.o(i.CmdResp3Error)
    i.CmdResp6Error                          0x08001f10   Section        0  sdio.o(i.CmdResp6Error)
    CmdResp6Error                            0x08001f11   Thumb Code   152  sdio.o(i.CmdResp6Error)
    i.CmdResp7Error                          0x08001fac   Section        0  sdio.o(i.CmdResp7Error)
    CmdResp7Error                            0x08001fad   Thumb Code    72  sdio.o(i.CmdResp7Error)
    i.EEPROM_Init                            0x08001ff8   Section        0  eeprom.o(i.EEPROM_Init)
    i.EEPROM_Read                            0x08002064   Section        0  eeprom.o(i.EEPROM_Read)
    i.EEPROM_Write                           0x080020c8   Section        0  eeprom.o(i.EEPROM_Write)
    i.EEPRom_SendByte                        0x0800218c   Section        0  eeprom.o(i.EEPRom_SendByte)
    EEPRom_SendByte                          0x0800218d   Thumb Code    16  eeprom.o(i.EEPRom_SendByte)
    i.EEProm_SectorErrase                    0x0800219c   Section        0  eeprom.o(i.EEProm_SectorErrase)
    i.Error_Handle                           0x080021e8   Section        0  main.o(i.Error_Handle)
    i.FLASH_Erase                            0x080021ec   Section        0  flash.o(i.FLASH_Erase)
    i.FLASH_Lock                             0x0800223c   Section        0  flash.o(i.FLASH_Lock)
    i.FLASH_Program                          0x08002250   Section        0  flash.o(i.FLASH_Program)
    i.FLASH_Unlock                           0x080022cc   Section        0  flash.o(i.FLASH_Unlock)
    i.FLASH_WaitForFinish                    0x080022f0   Section        0  flash.o(i.FLASH_WaitForFinish)
    i.FindSCR                                0x08002338   Section        0  sdio.o(i.FindSCR)
    FindSCR                                  0x08002339   Thumb Code   390  sdio.o(i.FindSCR)
    i.GPIO_Init                              0x080024d4   Section        0  gpio.o(i.GPIO_Init)
    i.GPIOxH_Init                            0x08002540   Section        0  gpio.o(i.GPIOxH_Init)
    GPIOxH_Init                              0x08002541   Thumb Code    20  gpio.o(i.GPIOxH_Init)
    i.GPIOxL_Init                            0x08002554   Section        0  gpio.o(i.GPIOxL_Init)
    GPIOxL_Init                              0x08002555   Thumb Code    20  gpio.o(i.GPIOxL_Init)
    i.GetBootargFromDefault                  0x08002568   Section        0  boot.o(i.GetBootargFromDefault)
    i.GetBootargFromEEP                      0x080025a0   Section        0  boot.o(i.GetBootargFromEEP)
    i.GetImageInfo                           0x080025d4   Section        0  boot.o(i.GetImageInfo)
    GetImageInfo                             0x080025d5   Thumb Code   142  boot.o(i.GetImageInfo)
    i.ImageCopyEepToFlash                    0x08002688   Section        0  boot.o(i.ImageCopyEepToFlash)
    ImageCopyEepToFlash                      0x08002689   Thumb Code   114  boot.o(i.ImageCopyEepToFlash)
    i.ImageCopySdToEep                       0x08002760   Section        0  boot.o(i.ImageCopySdToEep)
    ImageCopySdToEep                         0x08002761   Thumb Code   130  boot.o(i.ImageCopySdToEep)
    i.ImageCopySdToFlash                     0x08002838   Section        0  boot.o(i.ImageCopySdToFlash)
    ImageCopySdToFlash                       0x08002839   Thumb Code   122  boot.o(i.ImageCopySdToFlash)
    i.RCC_Init                               0x0800290c   Section        0  main.o(i.RCC_Init)
    RCC_Init                                 0x0800290d   Thumb Code   366  main.o(i.RCC_Init)
    i.SDEnWideBus                            0x08002a9c   Section        0  sdio.o(i.SDEnWideBus)
    SDEnWideBus                              0x08002a9d   Thumb Code   284  sdio.o(i.SDEnWideBus)
    i.SDIOEx_Init                            0x08002bc0   Section        0  sdio.o(i.SDIOEx_Init)
    i.SDIO_ClearFlag                         0x08002c30   Section        0  stm32_sdio.o(i.SDIO_ClearFlag)
    i.SDIO_ClockCmd                          0x08002c3c   Section        0  stm32_sdio.o(i.SDIO_ClockCmd)
    i.SDIO_DMACmd                            0x08002c48   Section        0  stm32_sdio.o(i.SDIO_DMACmd)
    i.SDIO_DataConfig                        0x08002c54   Section        0  stm32_sdio.o(i.SDIO_DataConfig)
    i.SDIO_DeInit                            0x08002c84   Section        0  stm32_sdio.o(i.SDIO_DeInit)
    i.SDIO_GetCommandResponse                0x08002ca8   Section        0  stm32_sdio.o(i.SDIO_GetCommandResponse)
    i.SDIO_GetFlagStatus                     0x08002cb4   Section        0  stm32_sdio.o(i.SDIO_GetFlagStatus)
    i.SDIO_GetPowerState                     0x08002ccc   Section        0  stm32_sdio.o(i.SDIO_GetPowerState)
    i.SDIO_GetResponse                       0x08002cdc   Section        0  stm32_sdio.o(i.SDIO_GetResponse)
    i.SDIO_Init                              0x08002cf4   Section        0  stm32_sdio.o(i.SDIO_Init)
    i.SDIO_ReadData                          0x08002d24   Section        0  stm32_sdio.o(i.SDIO_ReadData)
    i.SDIO_SendCommand                       0x08002d30   Section        0  stm32_sdio.o(i.SDIO_SendCommand)
    i.SDIO_SetPowerState                     0x08002d5c   Section        0  stm32_sdio.o(i.SDIO_SetPowerState)
    i.SD_EnableWideBusOperation              0x08002d78   Section        0  sdio.o(i.SD_EnableWideBusOperation)
    i.SD_GetCardInfo                         0x08002e10   Section        0  sdio.o(i.SD_GetCardInfo)
    i.SD_InitializeCards                     0x080030dc   Section        0  sdio.o(i.SD_InitializeCards)
    i.SD_PowerON                             0x0800321c   Section        0  sdio.o(i.SD_PowerON)
    i.SD_ReadBlock                           0x080033ac   Section        0  sdio.o(i.SD_ReadBlock)
    i.SD_SelectDeselect                      0x080035a8   Section        0  sdio.o(i.SD_SelectDeselect)
    i.SPI_Flash_ReadID                       0x080035dc   Section        0  eeprom.o(i.SPI_Flash_ReadID)
    SPI_Flash_ReadID                         0x080035dd   Thumb Code   136  eeprom.o(i.SPI_Flash_ReadID)
    i.SPI_Init                               0x08003668   Section        0  spi.o(i.SPI_Init)
    i.SPI_Transmit                           0x080036ac   Section        0  spi.o(i.SPI_Transmit)
    i.SPI_TransmitReceive                    0x08003710   Section        0  spi.o(i.SPI_TransmitReceive)
    i.SystemInit                             0x0800378c   Section        0  system_stm32f1xx.o(i.SystemInit)
    i.USART_Init                             0x080037e4   Section        0  usart.o(i.USART_Init)
    i.USART_RxProcess                        0x08003854   Section        0  usart.o(i.USART_RxProcess)
    i.USART_SendData                         0x0800390c   Section        0  usart.o(i.USART_SendData)
    i.__ARM_fpclassify                       0x08003938   Section        0  fpclassify.o(i.__ARM_fpclassify)
    i._is_digit                              0x08003960   Section        0  __printf_wp.o(i._is_digit)
    i.autoboot                               0x08003970   Section        0  boot.o(i.autoboot)
    i.boot_backup                            0x080039ec   Section        0  boot.o(i.boot_backup)
    boot_backup                              0x080039ed   Thumb Code    30  boot.o(i.boot_backup)
    i.boot_printenv                          0x08003a34   Section        0  boot.o(i.boot_printenv)
    boot_printenv                            0x08003a35   Thumb Code    36  boot.o(i.boot_printenv)
    i.boot_saveenv                           0x08003a98   Section        0  boot.o(i.boot_saveenv)
    boot_saveenv                             0x08003a99   Thumb Code    22  boot.o(i.boot_saveenv)
    i.boot_setenv                            0x08003ab4   Section        0  boot.o(i.boot_setenv)
    boot_setenv                              0x08003ab5   Thumb Code   156  boot.o(i.boot_setenv)
    i.bootm                                  0x08003c14   Section        0  boot.o(i.bootm)
    i.convert_from_bytes_to_power_of_two     0x08003d7c   Section        0  sdio.o(i.convert_from_bytes_to_power_of_two)
    convert_from_bytes_to_power_of_two       0x08003d7d   Thumb Code    18  sdio.o(i.convert_from_bytes_to_power_of_two)
    i.execute_command                        0x08003d90   Section        0  boot.o(i.execute_command)
    i.main                                   0x08003dd4   Section        0  main.o(i.main)
    i.rdsr                                   0x08003ec4   Section        0  eeprom.o(i.rdsr)
    rdsr                                     0x08003ec5   Thumb Code    48  eeprom.o(i.rdsr)
    i.uartprintf                             0x08003ef8   Section        0  usart.o(i.uartprintf)
    i.wdis                                   0x08003f30   Section        0  eeprom.o(i.wdis)
    wdis                                     0x08003f31   Thumb Code    38  eeprom.o(i.wdis)
    i.wen                                    0x08003f5c   Section        0  eeprom.o(i.wen)
    wen                                      0x08003f5d   Thumb Code    34  eeprom.o(i.wen)
    i.wip                                    0x08003f84   Section        0  eeprom.o(i.wip)
    wip                                      0x08003f85   Thumb Code    22  eeprom.o(i.wip)
    i.wsr                                    0x08003f9c   Section        0  eeprom.o(i.wsr)
    wsr                                      0x08003f9d   Thumb Code    72  eeprom.o(i.wsr)
    locale$$code                             0x08003fe8   Section       44  lc_ctype_c.o(locale$$code)
    locale$$code                             0x08004014   Section       44  lc_numeric_c.o(locale$$code)
    x$fpl$printf1                            0x08004040   Section        4  printf1.o(x$fpl$printf1)
    .constdata                               0x08004044   Section      208  gpio.o(.constdata)
    x$fpl$usenofp                            0x08004044   Section        0  usenofp.o(x$fpl$usenofp)
    GPIO_PINS_L                              0x08004044   Data          96  gpio.o(.constdata)
    GPIO_PINS_H                              0x080040a4   Data         112  gpio.o(.constdata)
    .constdata                               0x08004114   Section       80  boot.o(.constdata)
    commands                                 0x08004114   Data          80  boot.o(.constdata)
    .constdata                               0x08004164   Section        8  _printf_wctomb.o(.constdata)
    initial_mbstate                          0x08004164   Data           8  _printf_wctomb.o(.constdata)
    .constdata                               0x0800416c   Section       40  _printf_hex_int_ll_ptr.o(.constdata)
    uc_hextab                                0x0800416c   Data          20  _printf_hex_int_ll_ptr.o(.constdata)
    lc_hextab                                0x08004180   Data          20  _printf_hex_int_ll_ptr.o(.constdata)
    .constdata                               0x08004194   Section       17  __printf_flags_ss_wp.o(.constdata)
    maptable                                 0x08004194   Data          17  __printf_flags_ss_wp.o(.constdata)
    .constdata                               0x080041a8   Section      148  bigflt0.o(.constdata)
    tenpwrs_x                                0x080041a8   Data          60  bigflt0.o(.constdata)
    tenpwrs_i                                0x080041e4   Data          64  bigflt0.o(.constdata)
    locale$$data                             0x0800425c   Section      272  lc_ctype_c.o(locale$$data)
    __lcctype_c_name                         0x08004260   Data           2  lc_ctype_c.o(locale$$data)
    __lcctype_c_start                        0x08004268   Data           0  lc_ctype_c.o(locale$$data)
    locale$$data                             0x0800436c   Section       28  lc_numeric_c.o(locale$$data)
    __lcctype_c_end                          0x0800436c   Data           0  lc_ctype_c.o(locale$$data)
    __lcnum_c_name                           0x08004370   Data           2  lc_numeric_c.o(locale$$data)
    __lcnum_c_start                          0x08004378   Data           0  lc_numeric_c.o(locale$$data)
    __lcnum_c_point                          0x08004384   Data           0  lc_numeric_c.o(locale$$data)
    __lcnum_c_thousands                      0x08004386   Data           0  lc_numeric_c.o(locale$$data)
    __lcnum_c_grouping                       0x08004387   Data           0  lc_numeric_c.o(locale$$data)
    __lcnum_c_end                            0x08004388   Data           0  lc_numeric_c.o(locale$$data)
    .data                                    0x20000000   Section        4  system_stm32f1xx.o(.data)
    .data                                    0x20000004   Section        1  usart.o(.data)
    .data                                    0x20000008   Section       40  sdio.o(.data)
    CardType                                 0x20000008   Data           4  sdio.o(.data)
    RCA                                      0x2000000c   Data           4  sdio.o(.data)
    DeviceMode                               0x20000010   Data           4  sdio.o(.data)
    TotalNumberOfBytes                       0x20000014   Data           4  sdio.o(.data)
    StopCondition                            0x20000018   Data           4  sdio.o(.data)
    .data                                    0x20000030   Section        8  boot.o(.data)
    JumpToApplication                        0x20000030   Data           4  boot.o(.data)
    JumpAddress                              0x20000034   Data           4  boot.o(.data)
    .data                                    0x20000038   Section        4  strtok.o(.data)
    _strtok_saves1                           0x20000038   Data           4  strtok.o(.data)
    .bss                                     0x2000003c   Section      765  usart.o(.bss)
    .bss                                     0x2000033c   Section      180  sdio.o(.bss)
    CSD_Tab                                  0x2000033c   Data          16  sdio.o(.bss)
    CID_Tab                                  0x2000034c   Data          16  sdio.o(.bss)
    .bss                                     0x200003f0   Section      544  boot.o(.bss)
    Bootargs                                 0x200003f0   Data          32  boot.o(.bss)
    ImageBuf                                 0x20000410   Data         512  boot.o(.bss)
    .bss                                     0x20000610   Section       96  libspace.o(.bss)
    HEAP                                     0x20000670   Section     8192  startup_stm32f103xe.o(HEAP)
    Heap_Mem                                 0x20000670   Data        8192  startup_stm32f103xe.o(HEAP)
    STACK                                    0x20002670   Section    16384  startup_stm32f103xe.o(STACK)
    Stack_Mem                                0x20002670   Data       16384  startup_stm32f103xe.o(STACK)
    __initial_sp                             0x20006670   Data           0  startup_stm32f103xe.o(STACK)

    Global Symbols

    Symbol Name                              Value     Ov Type        Size  Object(Section)

    BuildAttributes$$THM_ISAv4$P$D$K$B$S$PE$A:L22UL41UL21$X:L11$S22US41US21$IEEE1$IW$USESV6$~STKCKD$USESV7$~SHL$OTIME$ROPI$IEEEJ$EBA8$UX$STANDARDLIB$REQ8$PRES8$EABIv2 0x00000000   Number         0  anon$$obj.o ABSOLUTE
    __ARM_use_no_argv                        0x00000000   Number         0  main.o ABSOLUTE
    _printf_flags                            0x00000000   Number         0  printf_stubs.o ABSOLUTE
    _printf_return_value                     0x00000000   Number         0  printf_stubs.o ABSOLUTE
    _printf_sizespec                         0x00000000   Number         0  printf_stubs.o ABSOLUTE
    _printf_widthprec                        0x00000000   Number         0  printf_stubs.o ABSOLUTE
    __ARM_exceptions_init                     - Undefined Weak Reference
    __alloca_initialize                       - Undefined Weak Reference
    __arm_preinit_                            - Undefined Weak Reference
    __cpp_initialize__aeabi_                  - Undefined Weak Reference
    __cxa_finalize                            - Undefined Weak Reference
    __sigvec_lookup                           - Undefined Weak Reference
    _atexit_init                              - Undefined Weak Reference
    _call_atexit_fns                          - Undefined Weak Reference
    _clock_init                               - Undefined Weak Reference
    _fp_trap_init                             - Undefined Weak Reference
    _fp_trap_shutdown                         - Undefined Weak Reference
    _get_lc_collate                           - Undefined Weak Reference
    _get_lc_monetary                          - Undefined Weak Reference
    _get_lc_time                              - Undefined Weak Reference
    _getenv_init                              - Undefined Weak Reference
    _handle_redirection                       - Undefined Weak Reference
    _init_alloc                               - Undefined Weak Reference
    _init_user_alloc                          - Undefined Weak Reference
    _initio                                   - Undefined Weak Reference
    _printf_fp_hex                            - Undefined Weak Reference
    _printf_mbtowc                            - Undefined Weak Reference
    _printf_wc                                - Undefined Weak Reference
    _rand_init                                - Undefined Weak Reference
    _signal_finish                            - Undefined Weak Reference
    _signal_init                              - Undefined Weak Reference
    _terminate_alloc                          - Undefined Weak Reference
    _terminate_user_alloc                     - Undefined Weak Reference
    _terminateio                              - Undefined Weak Reference
    __Vectors_Size                           0x00000130   Number         0  startup_stm32f103xe.o ABSOLUTE
    __Vectors                                0x08000000   Data           4  startup_stm32f103xe.o(RESET)
    __Vectors_End                            0x08000130   Data           0  startup_stm32f103xe.o(RESET)
    __main                                   0x08000131   Thumb Code     8  __main.o(!!!main)
    __scatterload                            0x08000139   Thumb Code     0  __scatter.o(!!!scatter)
    __scatterload_rt2                        0x08000139   Thumb Code    44  __scatter.o(!!!scatter)
    __scatterload_rt2_thumb_only             0x08000139   Thumb Code     0  __scatter.o(!!!scatter)
    __scatterload_null                       0x08000147   Thumb Code     0  __scatter.o(!!!scatter)
    __scatterload_copy                       0x0800016d   Thumb Code    26  __scatter_copy.o(!!handler_copy)
    __scatterload_zeroinit                   0x08000189   Thumb Code    28  __scatter_zi.o(!!handler_zi)
    _printf_n                                0x080001a5   Thumb Code     0  _printf_n.o(.ARM.Collect$$_printf_percent$$00000001)
    _printf_percent                          0x080001a5   Thumb Code     0  _printf_percent.o(.ARM.Collect$$_printf_percent$$00000000)
    _printf_p                                0x080001ab   Thumb Code     0  _printf_p.o(.ARM.Collect$$_printf_percent$$00000002)
    _printf_f                                0x080001b1   Thumb Code     0  _printf_f.o(.ARM.Collect$$_printf_percent$$00000003)
    _printf_e                                0x080001b7   Thumb Code     0  _printf_e.o(.ARM.Collect$$_printf_percent$$00000004)
    _printf_g                                0x080001bd   Thumb Code     0  _printf_g.o(.ARM.Collect$$_printf_percent$$00000005)
    _printf_a                                0x080001c3   Thumb Code     0  _printf_a.o(.ARM.Collect$$_printf_percent$$00000006)
    _printf_ll                               0x080001c9   Thumb Code     0  _printf_ll.o(.ARM.Collect$$_printf_percent$$00000007)
    _printf_i                                0x080001d3   Thumb Code     0  _printf_i.o(.ARM.Collect$$_printf_percent$$00000008)
    _printf_d                                0x080001d9   Thumb Code     0  _printf_d.o(.ARM.Collect$$_printf_percent$$00000009)
    _printf_u                                0x080001df   Thumb Code     0  _printf_u.o(.ARM.Collect$$_printf_percent$$0000000A)
    _printf_o                                0x080001e5   Thumb Code     0  _printf_o.o(.ARM.Collect$$_printf_percent$$0000000B)
    _printf_x                                0x080001eb   Thumb Code     0  _printf_x.o(.ARM.Collect$$_printf_percent$$0000000C)
    _printf_lli                              0x080001f1   Thumb Code     0  _printf_lli.o(.ARM.Collect$$_printf_percent$$0000000D)
    _printf_lld                              0x080001f7   Thumb Code     0  _printf_lld.o(.ARM.Collect$$_printf_percent$$0000000E)
    _printf_llu                              0x080001fd   Thumb Code     0  _printf_llu.o(.ARM.Collect$$_printf_percent$$0000000F)
    _printf_llo                              0x08000203   Thumb Code     0  _printf_llo.o(.ARM.Collect$$_printf_percent$$00000010)
    _printf_llx                              0x08000209   Thumb Code     0  _printf_llx.o(.ARM.Collect$$_printf_percent$$00000011)
    _printf_l                                0x0800020f   Thumb Code     0  _printf_l.o(.ARM.Collect$$_printf_percent$$00000012)
    _printf_c                                0x08000219   Thumb Code     0  _printf_c.o(.ARM.Collect$$_printf_percent$$00000013)
    _printf_s                                0x0800021f   Thumb Code     0  _printf_s.o(.ARM.Collect$$_printf_percent$$00000014)
    _printf_lc                               0x08000225   Thumb Code     0  _printf_lc.o(.ARM.Collect$$_printf_percent$$00000015)
    _printf_ls                               0x0800022b   Thumb Code     0  _printf_ls.o(.ARM.Collect$$_printf_percent$$00000016)
    _printf_percent_end                      0x08000231   Thumb Code     0  _printf_percent_end.o(.ARM.Collect$$_printf_percent$$00000017)
    __rt_lib_init                            0x08000235   Thumb Code     0  libinit.o(.ARM.Collect$$libinit$$00000000)
    __rt_lib_init_fp_1                       0x08000237   Thumb Code     0  libinit2.o(.ARM.Collect$$libinit$$00000002)
    __rt_lib_init_heap_1                     0x08000237   Thumb Code     0  libinit2.o(.ARM.Collect$$libinit$$0000000A)
    __rt_lib_init_lc_common                  0x08000237   Thumb Code     0  libinit2.o(.ARM.Collect$$libinit$$0000000F)
    __rt_lib_init_preinit_1                  0x08000237   Thumb Code     0  libinit2.o(.ARM.Collect$$libinit$$00000004)
    __rt_lib_init_rand_1                     0x08000237   Thumb Code     0  libinit2.o(.ARM.Collect$$libinit$$0000000E)
    __rt_lib_init_user_alloc_1               0x08000237   Thumb Code     0  libinit2.o(.ARM.Collect$$libinit$$0000000C)
    __rt_lib_init_lc_collate_1               0x0800023d   Thumb Code     0  libinit2.o(.ARM.Collect$$libinit$$00000011)
    __rt_lib_init_lc_ctype_2                 0x0800023d   Thumb Code     0  libinit2.o(.ARM.Collect$$libinit$$00000012)
    __rt_lib_init_lc_ctype_1                 0x08000249   Thumb Code     0  libinit2.o(.ARM.Collect$$libinit$$00000013)
    __rt_lib_init_lc_monetary_1              0x08000249   Thumb Code     0  libinit2.o(.ARM.Collect$$libinit$$00000015)
    __rt_lib_init_lc_numeric_2               0x08000249   Thumb Code     0  libinit2.o(.ARM.Collect$$libinit$$00000016)
    __rt_lib_init_alloca_1                   0x08000253   Thumb Code     0  libinit2.o(.ARM.Collect$$libinit$$0000002E)
    __rt_lib_init_argv_1                     0x08000253   Thumb Code     0  libinit2.o(.ARM.Collect$$libinit$$0000002C)
    __rt_lib_init_atexit_1                   0x08000253   Thumb Code     0  libinit2.o(.ARM.Collect$$libinit$$0000001B)
    __rt_lib_init_clock_1                    0x08000253   Thumb Code     0  libinit2.o(.ARM.Collect$$libinit$$00000021)
    __rt_lib_init_cpp_1                      0x08000253   Thumb Code     0  libinit2.o(.ARM.Collect$$libinit$$00000032)
    __rt_lib_init_exceptions_1               0x08000253   Thumb Code     0  libinit2.o(.ARM.Collect$$libinit$$00000030)
    __rt_lib_init_fp_trap_1                  0x08000253   Thumb Code     0  libinit2.o(.ARM.Collect$$libinit$$0000001F)
    __rt_lib_init_getenv_1                   0x08000253   Thumb Code     0  libinit2.o(.ARM.Collect$$libinit$$00000023)
    __rt_lib_init_lc_numeric_1               0x08000253   Thumb Code     0  libinit2.o(.ARM.Collect$$libinit$$00000017)
    __rt_lib_init_lc_time_1                  0x08000253   Thumb Code     0  libinit2.o(.ARM.Collect$$libinit$$00000019)
    __rt_lib_init_return                     0x08000253   Thumb Code     0  libinit2.o(.ARM.Collect$$libinit$$00000033)
    __rt_lib_init_signal_1                   0x08000253   Thumb Code     0  libinit2.o(.ARM.Collect$$libinit$$0000001D)
    __rt_lib_init_stdio_1                    0x08000253   Thumb Code     0  libinit2.o(.ARM.Collect$$libinit$$00000025)
    __rt_lib_shutdown                        0x08000255   Thumb Code     0  libshutdown.o(.ARM.Collect$$libshutdown$$00000000)
    __rt_lib_shutdown_cpp_1                  0x08000257   Thumb Code     0  libshutdown2.o(.ARM.Collect$$libshutdown$$00000002)
    __rt_lib_shutdown_fp_trap_1              0x08000257   Thumb Code     0  libshutdown2.o(.ARM.Collect$$libshutdown$$00000007)
    __rt_lib_shutdown_heap_1                 0x08000257   Thumb Code     0  libshutdown2.o(.ARM.Collect$$libshutdown$$0000000F)
    __rt_lib_shutdown_return                 0x08000257   Thumb Code     0  libshutdown2.o(.ARM.Collect$$libshutdown$$00000010)
    __rt_lib_shutdown_signal_1               0x08000257   Thumb Code     0  libshutdown2.o(.ARM.Collect$$libshutdown$$0000000A)
    __rt_lib_shutdown_stdio_1                0x08000257   Thumb Code     0  libshutdown2.o(.ARM.Collect$$libshutdown$$00000004)
    __rt_lib_shutdown_user_alloc_1           0x08000257   Thumb Code     0  libshutdown2.o(.ARM.Collect$$libshutdown$$0000000C)
    __rt_entry                               0x08000259   Thumb Code     0  __rtentry.o(.ARM.Collect$$rtentry$$00000000)
    __rt_entry_presh_1                       0x08000259   Thumb Code     0  __rtentry2.o(.ARM.Collect$$rtentry$$00000002)
    __rt_entry_sh                            0x08000259   Thumb Code     0  __rtentry4.o(.ARM.Collect$$rtentry$$00000004)
    __rt_entry_li                            0x0800025f   Thumb Code     0  __rtentry2.o(.ARM.Collect$$rtentry$$0000000A)
    __rt_entry_postsh_1                      0x0800025f   Thumb Code     0  __rtentry2.o(.ARM.Collect$$rtentry$$00000009)
    __rt_entry_main                          0x08000263   Thumb Code     0  __rtentry2.o(.ARM.Collect$$rtentry$$0000000D)
    __rt_entry_postli_1                      0x08000263   Thumb Code     0  __rtentry2.o(.ARM.Collect$$rtentry$$0000000C)
    __rt_exit                                0x0800026b   Thumb Code     0  rtexit.o(.ARM.Collect$$rtexit$$00000000)
    __rt_exit_ls                             0x0800026d   Thumb Code     0  rtexit2.o(.ARM.Collect$$rtexit$$00000003)
    __rt_exit_prels_1                        0x0800026d   Thumb Code     0  rtexit2.o(.ARM.Collect$$rtexit$$00000002)
    __rt_exit_exit                           0x08000271   Thumb Code     0  rtexit2.o(.ARM.Collect$$rtexit$$00000004)
    Reset_Handler                            0x08000279   Thumb Code     8  startup_stm32f103xe.o(.text)
    NMI_Handler                              0x08000281   Thumb Code     2  startup_stm32f103xe.o(.text)
    HardFault_Handler                        0x08000283   Thumb Code     2  startup_stm32f103xe.o(.text)
    MemManage_Handler                        0x08000285   Thumb Code     2  startup_stm32f103xe.o(.text)
    BusFault_Handler                         0x08000287   Thumb Code     2  startup_stm32f103xe.o(.text)
    UsageFault_Handler                       0x08000289   Thumb Code     2  startup_stm32f103xe.o(.text)
    SVC_Handler                              0x0800028b   Thumb Code     2  startup_stm32f103xe.o(.text)
    DebugMon_Handler                         0x0800028d   Thumb Code     2  startup_stm32f103xe.o(.text)
    PendSV_Handler                           0x0800028f   Thumb Code     2  startup_stm32f103xe.o(.text)
    SysTick_Handler                          0x08000291   Thumb Code     2  startup_stm32f103xe.o(.text)
    ADC1_2_IRQHandler                        0x08000293   Thumb Code     0  startup_stm32f103xe.o(.text)
    ADC3_IRQHandler                          0x08000293   Thumb Code     0  startup_stm32f103xe.o(.text)
    CAN1_RX1_IRQHandler                      0x08000293   Thumb Code     0  startup_stm32f103xe.o(.text)
    CAN1_SCE_IRQHandler                      0x08000293   Thumb Code     0  startup_stm32f103xe.o(.text)
    DMA1_Channel1_IRQHandler                 0x08000293   Thumb Code     0  startup_stm32f103xe.o(.text)
    DMA1_Channel2_IRQHandler                 0x08000293   Thumb Code     0  startup_stm32f103xe.o(.text)
    DMA1_Channel3_IRQHandler                 0x08000293   Thumb Code     0  startup_stm32f103xe.o(.text)
    DMA1_Channel4_IRQHandler                 0x08000293   Thumb Code     0  startup_stm32f103xe.o(.text)
    DMA1_Channel5_IRQHandler                 0x08000293   Thumb Code     0  startup_stm32f103xe.o(.text)
    DMA1_Channel6_IRQHandler                 0x08000293   Thumb Code     0  startup_stm32f103xe.o(.text)
    DMA1_Channel7_IRQHandler                 0x08000293   Thumb Code     0  startup_stm32f103xe.o(.text)
    DMA2_Channel1_IRQHandler                 0x08000293   Thumb Code     0  startup_stm32f103xe.o(.text)
    DMA2_Channel2_IRQHandler                 0x08000293   Thumb Code     0  startup_stm32f103xe.o(.text)
    DMA2_Channel3_IRQHandler                 0x08000293   Thumb Code     0  startup_stm32f103xe.o(.text)
    DMA2_Channel4_5_IRQHandler               0x08000293   Thumb Code     0  startup_stm32f103xe.o(.text)
    EXTI0_IRQHandler                         0x08000293   Thumb Code     0  startup_stm32f103xe.o(.text)
    EXTI15_10_IRQHandler                     0x08000293   Thumb Code     0  startup_stm32f103xe.o(.text)
    EXTI1_IRQHandler                         0x08000293   Thumb Code     0  startup_stm32f103xe.o(.text)
    EXTI2_IRQHandler                         0x08000293   Thumb Code     0  startup_stm32f103xe.o(.text)
    EXTI3_IRQHandler                         0x08000293   Thumb Code     0  startup_stm32f103xe.o(.text)
    EXTI4_IRQHandler                         0x08000293   Thumb Code     0  startup_stm32f103xe.o(.text)
    EXTI9_5_IRQHandler                       0x08000293   Thumb Code     0  startup_stm32f103xe.o(.text)
    FLASH_IRQHandler                         0x08000293   Thumb Code     0  startup_stm32f103xe.o(.text)
    FSMC_IRQHandler                          0x08000293   Thumb Code     0  startup_stm32f103xe.o(.text)
    I2C1_ER_IRQHandler                       0x08000293   Thumb Code     0  startup_stm32f103xe.o(.text)
    I2C1_EV_IRQHandler                       0x08000293   Thumb Code     0  startup_stm32f103xe.o(.text)
    I2C2_ER_IRQHandler                       0x08000293   Thumb Code     0  startup_stm32f103xe.o(.text)
    I2C2_EV_IRQHandler                       0x08000293   Thumb Code     0  startup_stm32f103xe.o(.text)
    PVD_IRQHandler                           0x08000293   Thumb Code     0  startup_stm32f103xe.o(.text)
    RCC_IRQHandler                           0x08000293   Thumb Code     0  startup_stm32f103xe.o(.text)
    RTC_Alarm_IRQHandler                     0x08000293   Thumb Code     0  startup_stm32f103xe.o(.text)
    RTC_IRQHandler                           0x08000293   Thumb Code     0  startup_stm32f103xe.o(.text)
    SDIO_IRQHandler                          0x08000293   Thumb Code     0  startup_stm32f103xe.o(.text)
    SPI1_IRQHandler                          0x08000293   Thumb Code     0  startup_stm32f103xe.o(.text)
    SPI2_IRQHandler                          0x08000293   Thumb Code     0  startup_stm32f103xe.o(.text)
    SPI3_IRQHandler                          0x08000293   Thumb Code     0  startup_stm32f103xe.o(.text)
    TAMPER_IRQHandler                        0x08000293   Thumb Code     0  startup_stm32f103xe.o(.text)
    TIM1_BRK_IRQHandler                      0x08000293   Thumb Code     0  startup_stm32f103xe.o(.text)
    TIM1_CC_IRQHandler                       0x08000293   Thumb Code     0  startup_stm32f103xe.o(.text)
    TIM1_TRG_COM_IRQHandler                  0x08000293   Thumb Code     0  startup_stm32f103xe.o(.text)
    TIM1_UP_IRQHandler                       0x08000293   Thumb Code     0  startup_stm32f103xe.o(.text)
    TIM2_IRQHandler                          0x08000293   Thumb Code     0  startup_stm32f103xe.o(.text)
    TIM3_IRQHandler                          0x08000293   Thumb Code     0  startup_stm32f103xe.o(.text)
    TIM4_IRQHandler                          0x08000293   Thumb Code     0  startup_stm32f103xe.o(.text)
    TIM5_IRQHandler                          0x08000293   Thumb Code     0  startup_stm32f103xe.o(.text)
    TIM6_IRQHandler                          0x08000293   Thumb Code     0  startup_stm32f103xe.o(.text)
    TIM7_IRQHandler                          0x08000293   Thumb Code     0  startup_stm32f103xe.o(.text)
    TIM8_BRK_IRQHandler                      0x08000293   Thumb Code     0  startup_stm32f103xe.o(.text)
    TIM8_CC_IRQHandler                       0x08000293   Thumb Code     0  startup_stm32f103xe.o(.text)
    TIM8_TRG_COM_IRQHandler                  0x08000293   Thumb Code     0  startup_stm32f103xe.o(.text)
    TIM8_UP_IRQHandler                       0x08000293   Thumb Code     0  startup_stm32f103xe.o(.text)
    UART4_IRQHandler                         0x08000293   Thumb Code     0  startup_stm32f103xe.o(.text)
    UART5_IRQHandler                         0x08000293   Thumb Code     0  startup_stm32f103xe.o(.text)
    USART1_IRQHandler                        0x08000293   Thumb Code     0  startup_stm32f103xe.o(.text)
    USART2_IRQHandler                        0x08000293   Thumb Code     0  startup_stm32f103xe.o(.text)
    USART3_IRQHandler                        0x08000293   Thumb Code     0  startup_stm32f103xe.o(.text)
    USBWakeUp_IRQHandler                     0x08000293   Thumb Code     0  startup_stm32f103xe.o(.text)
    USB_HP_CAN1_TX_IRQHandler                0x08000293   Thumb Code     0  startup_stm32f103xe.o(.text)
    USB_LP_CAN1_RX0_IRQHandler               0x08000293   Thumb Code     0  startup_stm32f103xe.o(.text)
    WWDG_IRQHandler                          0x08000293   Thumb Code     0  startup_stm32f103xe.o(.text)
    __user_initial_stackheap                 0x08000295   Thumb Code     0  startup_stm32f103xe.o(.text)
    __c89vsnprintf                           0x080002b9   Thumb Code    48  c89vsnprintf.o(.text)
    atoi                                     0x080002ed   Thumb Code    26  atoi.o(.text)
    strtok                                   0x08000309   Thumb Code     6  strtok.o(.text)
    strcpy                                   0x08000315   Thumb Code    72  strcpy.o(.text)
    strlen                                   0x0800035d   Thumb Code    62  strlen.o(.text)
    strncmp                                  0x0800039b   Thumb Code   150  strncmp.o(.text)
    __aeabi_memcpy                           0x08000431   Thumb Code     0  rt_memcpy_v6.o(.text)
    __rt_memcpy                              0x08000431   Thumb Code   138  rt_memcpy_v6.o(.text)
    _memcpy_lastbytes                        0x08000497   Thumb Code     0  rt_memcpy_v6.o(.text)
    __aeabi_memset                           0x080004bb   Thumb Code    16  aeabi_memset.o(.text)
    __aeabi_memclr                           0x080004cb   Thumb Code     0  rt_memclr.o(.text)
    __rt_memclr                              0x080004cb   Thumb Code    68  rt_memclr.o(.text)
    _memset                                  0x080004cf   Thumb Code     0  rt_memclr.o(.text)
    __aeabi_memclr4                          0x0800050f   Thumb Code     0  rt_memclr_w.o(.text)
    __aeabi_memclr8                          0x0800050f   Thumb Code     0  rt_memclr_w.o(.text)
    __rt_memclr_w                            0x0800050f   Thumb Code    78  rt_memclr_w.o(.text)
    _memset_w                                0x08000513   Thumb Code     0  rt_memclr_w.o(.text)
    strcmp                                   0x0800055d   Thumb Code   128  strcmpv7m.o(.text)
    __use_two_region_memory                  0x080005dd   Thumb Code     2  heapauxi.o(.text)
    __rt_heap_escrow$2region                 0x080005df   Thumb Code     2  heapauxi.o(.text)
    __rt_heap_expand$2region                 0x080005e1   Thumb Code     2  heapauxi.o(.text)
    __aeabi_errno_addr                       0x080005e5   Thumb Code     8  rt_errno_addr_intlibspace.o(.text)
    __errno$intlibspace                      0x080005e5   Thumb Code     0  rt_errno_addr_intlibspace.o(.text)
    __rt_errno_addr$intlibspace              0x080005e5   Thumb Code     0  rt_errno_addr_intlibspace.o(.text)
    _printf_pre_padding                      0x080005ed   Thumb Code    44  _printf_pad.o(.text)
    _printf_post_padding                     0x08000619   Thumb Code    34  _printf_pad.o(.text)
    _printf_truncate_signed                  0x0800063b   Thumb Code    18  _printf_truncate.o(.text)
    _printf_truncate_unsigned                0x0800064d   Thumb Code    18  _printf_truncate.o(.text)
    _printf_str                              0x0800065f   Thumb Code    82  _printf_str.o(.text)
    _printf_int_dec                          0x080006b1   Thumb Code   104  _printf_dec.o(.text)
    _printf_charcount                        0x08000729   Thumb Code    40  _printf_charcount.o(.text)
    _printf_char_common                      0x0800075b   Thumb Code    32  _printf_char_common.o(.text)
    _sputc                                   0x08000781   Thumb Code    10  _sputc.o(.text)
    _snputc                                  0x0800078b   Thumb Code    16  _snputc.o(.text)
    _printf_wctomb                           0x0800079d   Thumb Code   182  _printf_wctomb.o(.text)
    _printf_longlong_dec                     0x08000859   Thumb Code   108  _printf_longlong_dec.o(.text)
    _printf_longlong_oct                     0x080008d5   Thumb Code    66  _printf_oct_int_ll.o(.text)
    _printf_int_oct                          0x08000917   Thumb Code    24  _printf_oct_int_ll.o(.text)
    _printf_ll_oct                           0x0800092f   Thumb Code    12  _printf_oct_int_ll.o(.text)
    _printf_longlong_hex                     0x08000945   Thumb Code    86  _printf_hex_int_ll_ptr.o(.text)
    _printf_int_hex                          0x0800099b   Thumb Code    28  _printf_hex_int_ll_ptr.o(.text)
    _printf_ll_hex                           0x080009b7   Thumb Code    12  _printf_hex_int_ll_ptr.o(.text)
    _printf_hex_ptr                          0x080009c3   Thumb Code    18  _printf_hex_int_ll_ptr.o(.text)
    __printf                                 0x080009d9   Thumb Code   388  __printf_flags_ss_wp.o(.text)
    strtol                                   0x08000b61   Thumb Code   112  strtol.o(.text)
    __strtok_internal                        0x08000bd1   Thumb Code    64  strtok_int.o(.text)
    __aeabi_memcpy4                          0x08000c15   Thumb Code     0  rt_memcpy_w.o(.text)
    __aeabi_memcpy8                          0x08000c15   Thumb Code     0  rt_memcpy_w.o(.text)
    __rt_memcpy_w                            0x08000c15   Thumb Code   100  rt_memcpy_w.o(.text)
    _memcpy_lastbytes_aligned                0x08000c5d   Thumb Code     0  rt_memcpy_w.o(.text)
    __user_libspace                          0x08000c79   Thumb Code     8  libspace.o(.text)
    __user_perproc_libspace                  0x08000c79   Thumb Code     0  libspace.o(.text)
    __user_perthread_libspace                0x08000c79   Thumb Code     0  libspace.o(.text)
    __rt_ctype_table                         0x08000c81   Thumb Code    16  rt_ctype_table.o(.text)
    _ll_udiv10                               0x08000c91   Thumb Code   138  lludiv10.o(.text)
    _printf_int_common                       0x08000d1b   Thumb Code   178  _printf_intcommon.o(.text)
    __lib_sel_fp_printf                      0x08000dcd   Thumb Code     2  _printf_fp_dec.o(.text)
    _printf_fp_dec_real                      0x08000f7b   Thumb Code   620  _printf_fp_dec.o(.text)
    _printf_cs_common                        0x080011e7   Thumb Code    20  _printf_char.o(.text)
    _printf_char                             0x080011fb   Thumb Code    16  _printf_char.o(.text)
    _printf_string                           0x0800120b   Thumb Code     8  _printf_char.o(.text)
    _printf_lcs_common                       0x08001213   Thumb Code    20  _printf_wchar.o(.text)
    _printf_wchar                            0x08001227   Thumb Code    16  _printf_wchar.o(.text)
    _printf_wstring                          0x08001237   Thumb Code     8  _printf_wchar.o(.text)
    _strtoul                                 0x0800123f   Thumb Code   158  _strtoul.o(.text)
    _wcrtomb                                 0x080012dd   Thumb Code    64  _wcrtomb.o(.text)
    strcspn                                  0x0800131d   Thumb Code    32  strcspn.o(.text)
    strspn                                   0x0800133d   Thumb Code    28  strspn.o(.text)
    __user_setup_stackheap                   0x08001359   Thumb Code    74  sys_stackheap_outer.o(.text)
    __rt_locale                              0x080013a5   Thumb Code     8  rt_locale_intlibspace.o(.text)
    _printf_fp_infnan                        0x080013ad   Thumb Code   112  _printf_fp_infnan.o(.text)
    _chval                                   0x0800142d   Thumb Code    28  _chval.o(.text)
    _btod_etento                             0x08001449   Thumb Code   216  bigflt0.o(.text)
    exit                                     0x08001525   Thumb Code    18  exit.o(.text)
    _sys_exit                                0x08001539   Thumb Code     8  sys_exit.o(.text)
    __I$use$semihosting                      0x08001545   Thumb Code     0  use_no_semi.o(.text)
    __use_no_semihosting_swi                 0x08001545   Thumb Code     2  use_no_semi.o(.text)
    __semihosting_library_function           0x08001547   Thumb Code     0  indicate_semi.o(.text)
    _btod_d2e                                0x08001547   Thumb Code    62  btod.o(CL$$btod_d2e)
    _d2e_denorm_low                          0x08001585   Thumb Code    70  btod.o(CL$$btod_d2e_denorm_low)
    _d2e_norm_op1                            0x080015cb   Thumb Code    96  btod.o(CL$$btod_d2e_norm_op1)
    __btod_div_common                        0x0800162b   Thumb Code   696  btod.o(CL$$btod_div_common)
    _e2e                                     0x08001963   Thumb Code   198  btod.o(CL$$btod_e2e)
    _btod_ediv                               0x08001a29   Thumb Code    40  btod.o(CL$$btod_ediv)
    _btod_emul                               0x08001a51   Thumb Code    40  btod.o(CL$$btod_emul)
    __btod_mult_common                       0x08001a79   Thumb Code   580  btod.o(CL$$btod_mult_common)
    AppJump                                  0x08001cbd   Thumb Code    60  boot.o(i.AppJump)
    BootargsInit                             0x08001d1d   Thumb Code    12  boot.o(i.BootargsInit)
    EEPROM_Init                              0x08001ff9   Thumb Code    44  eeprom.o(i.EEPROM_Init)
    EEPROM_Read                              0x08002065   Thumb Code    94  eeprom.o(i.EEPROM_Read)
    EEPROM_Write                             0x080020c9   Thumb Code   190  eeprom.o(i.EEPROM_Write)
    EEProm_SectorErrase                      0x0800219d   Thumb Code    70  eeprom.o(i.EEProm_SectorErrase)
    Error_Handle                             0x080021e9   Thumb Code     2  main.o(i.Error_Handle)
    FLASH_Erase                              0x080021ed   Thumb Code    74  flash.o(i.FLASH_Erase)
    FLASH_Lock                               0x0800223d   Thumb Code    14  flash.o(i.FLASH_Lock)
    FLASH_Program                            0x08002251   Thumb Code   118  flash.o(i.FLASH_Program)
    FLASH_Unlock                             0x080022cd   Thumb Code    22  flash.o(i.FLASH_Unlock)
    FLASH_WaitForFinish                      0x080022f1   Thumb Code    68  flash.o(i.FLASH_WaitForFinish)
    GPIO_Init                                0x080024d5   Thumb Code   100  gpio.o(i.GPIO_Init)
    GetBootargFromDefault                    0x08002569   Thumb Code    42  boot.o(i.GetBootargFromDefault)
    GetBootargFromEEP                        0x080025a1   Thumb Code    48  boot.o(i.GetBootargFromEEP)
    SDIOEx_Init                              0x08002bc1   Thumb Code   102  sdio.o(i.SDIOEx_Init)
    SDIO_ClearFlag                           0x08002c31   Thumb Code     6  stm32_sdio.o(i.SDIO_ClearFlag)
    SDIO_ClockCmd                            0x08002c3d   Thumb Code     6  stm32_sdio.o(i.SDIO_ClockCmd)
    SDIO_DMACmd                              0x08002c49   Thumb Code     6  stm32_sdio.o(i.SDIO_DMACmd)
    SDIO_DataConfig                          0x08002c55   Thumb Code    42  stm32_sdio.o(i.SDIO_DataConfig)
    SDIO_DeInit                              0x08002c85   Thumb Code    28  stm32_sdio.o(i.SDIO_DeInit)
    SDIO_GetCommandResponse                  0x08002ca9   Thumb Code     8  stm32_sdio.o(i.SDIO_GetCommandResponse)
    SDIO_GetFlagStatus                       0x08002cb5   Thumb Code    20  stm32_sdio.o(i.SDIO_GetFlagStatus)
    SDIO_GetPowerState                       0x08002ccd   Thumb Code    10  stm32_sdio.o(i.SDIO_GetPowerState)
    SDIO_GetResponse                         0x08002cdd   Thumb Code    20  stm32_sdio.o(i.SDIO_GetResponse)
    SDIO_Init                                0x08002cf5   Thumb Code    42  stm32_sdio.o(i.SDIO_Init)
    SDIO_ReadData                            0x08002d25   Thumb Code     6  stm32_sdio.o(i.SDIO_ReadData)
    SDIO_SendCommand                         0x08002d31   Thumb Code    38  stm32_sdio.o(i.SDIO_SendCommand)
    SDIO_SetPowerState                       0x08002d5d   Thumb Code    22  stm32_sdio.o(i.SDIO_SetPowerState)
    SD_EnableWideBusOperation                0x08002d79   Thumb Code   144  sdio.o(i.SD_EnableWideBusOperation)
    SD_GetCardInfo                           0x08002e11   Thumb Code   700  sdio.o(i.SD_GetCardInfo)
    SD_InitializeCards                       0x080030dd   Thumb Code   300  sdio.o(i.SD_InitializeCards)
    SD_PowerON                               0x0800321d   Thumb Code   384  sdio.o(i.SD_PowerON)
    SD_ReadBlock                             0x080033ad   Thumb Code   468  sdio.o(i.SD_ReadBlock)
    SD_SelectDeselect                        0x080035a9   Thumb Code    48  sdio.o(i.SD_SelectDeselect)
    SPI_Init                                 0x08003669   Thumb Code    62  spi.o(i.SPI_Init)
    SPI_Transmit                             0x080036ad   Thumb Code    96  spi.o(i.SPI_Transmit)
    SPI_TransmitReceive                      0x08003711   Thumb Code   118  spi.o(i.SPI_TransmitReceive)
    SystemInit                               0x0800378d   Thumb Code    70  system_stm32f1xx.o(i.SystemInit)
    USART_Init                               0x080037e5   Thumb Code   108  usart.o(i.USART_Init)
    USART_RxProcess                          0x08003855   Thumb Code   154  usart.o(i.USART_RxProcess)
    USART_SendData                           0x0800390d   Thumb Code    40  usart.o(i.USART_SendData)
    __ARM_fpclassify                         0x08003939   Thumb Code    40  fpclassify.o(i.__ARM_fpclassify)
    _is_digit                                0x08003961   Thumb Code    14  __printf_wp.o(i._is_digit)
    autoboot                                 0x08003971   Thumb Code   108  boot.o(i.autoboot)
    bootm                                    0x08003c15   Thumb Code   244  boot.o(i.bootm)
    execute_command                          0x08003d91   Thumb Code    62  boot.o(i.execute_command)
    main                                     0x08003dd5   Thumb Code   116  main.o(i.main)
    uartprintf                               0x08003ef9   Thumb Code    50  usart.o(i.uartprintf)
    _get_lc_ctype                            0x08003fe9   Thumb Code    44  lc_ctype_c.o(locale$$code)
    _get_lc_numeric                          0x08004015   Thumb Code    44  lc_numeric_c.o(locale$$code)
    _printf_fp_dec                           0x08004041   Thumb Code     4  printf1.o(x$fpl$printf1)
    __I$use$fp                               0x08004044   Number         0  usenofp.o(x$fpl$usenofp)
    Region$$Table$$Base                      0x0800423c   Number         0  anon$$obj.o(Region$$Table)
    Region$$Table$$Limit                     0x0800425c   Number         0  anon$$obj.o(Region$$Table)
    __ctype                                  0x08004269   Data           0  lc_ctype_c.o(locale$$data)
    SystemCoreClock                          0x20000000   Data           4  system_stm32f1xx.o(.data)
    rxCnt                                    0x20000004   Data           1  usart.o(.data)
    SrcBuffer                                0x2000001c   Data           4  sdio.o(.data)
    DestBuffer                               0x20000020   Data           4  sdio.o(.data)
    TransferError                            0x20000024   Data           1  sdio.o(.data)
    TransferEnd                              0x20000028   Data           4  sdio.o(.data)
    NumberOfBytes                            0x2000002c   Data           4  sdio.o(.data)
    UsartTxBuf                               0x2000003c   Data         255  usart.o(.bss)
    txBuf                                    0x2000013b   Data         255  usart.o(.bss)
    rxBuf                                    0x2000023a   Data         255  usart.o(.bss)
    SDCardInfo                               0x2000035c   Data          80  sdio.o(.bss)
    SDIO_InitStructure                       0x200003ac   Data          24  sdio.o(.bss)
    SDIO_CmdInitStructure                    0x200003c4   Data          20  sdio.o(.bss)
    SDIO_DataInitStructure                   0x200003d8   Data          24  sdio.o(.bss)
    __libspace_start                         0x20000610   Data          96  libspace.o(.bss)
    __temporary_stack_top$libspace           0x20000670   Data           0  libspace.o(.bss)



==============================================================================

Memory Map of the image

  Image Entry point : 0x08000131

  Load Region LR_IROM1 (Base: 0x08000000, Size: 0x000043c4, Max: 0x00080000, ABSOLUTE)

    Execution Region ER_IROM1 (Base: 0x08000000, Size: 0x00004388, Max: 0x00080000, ABSOLUTE)

    Base Addr    Size         Type   Attr      Idx    E Section Name        Object

    0x08000000   0x00000130   Data   RO            3    RESET               startup_stm32f103xe.o
    0x08000130   0x00000008   Code   RO          936  * !!!main             c_w.l(__main.o)
    0x08000138   0x00000034   Code   RO         1267    !!!scatter          c_w.l(__scatter.o)
    0x0800016c   0x0000001a   Code   RO         1269    !!handler_copy      c_w.l(__scatter_copy.o)
    0x08000186   0x00000002   PAD
    0x08000188   0x0000001c   Code   RO         1271    !!handler_zi        c_w.l(__scatter_zi.o)
    0x080001a4   0x00000000   Code   RO         1027    .ARM.Collect$$_printf_percent$$00000000  c_w.l(_printf_percent.o)
    0x080001a4   0x00000006   Code   RO         1016    .ARM.Collect$$_printf_percent$$00000001  c_w.l(_printf_n.o)
    0x080001aa   0x00000006   Code   RO         1018    .ARM.Collect$$_printf_percent$$00000002  c_w.l(_printf_p.o)
    0x080001b0   0x00000006   Code   RO         1023    .ARM.Collect$$_printf_percent$$00000003  c_w.l(_printf_f.o)
    0x080001b6   0x00000006   Code   RO         1024    .ARM.Collect$$_printf_percent$$00000004  c_w.l(_printf_e.o)
    0x080001bc   0x00000006   Code   RO         1025    .ARM.Collect$$_printf_percent$$00000005  c_w.l(_printf_g.o)
    0x080001c2   0x00000006   Code   RO         1026    .ARM.Collect$$_printf_percent$$00000006  c_w.l(_printf_a.o)
    0x080001c8   0x0000000a   Code   RO         1031    .ARM.Collect$$_printf_percent$$00000007  c_w.l(_printf_ll.o)
    0x080001d2   0x00000006   Code   RO         1020    .ARM.Collect$$_printf_percent$$00000008  c_w.l(_printf_i.o)
    0x080001d8   0x00000006   Code   RO         1021    .ARM.Collect$$_printf_percent$$00000009  c_w.l(_printf_d.o)
    0x080001de   0x00000006   Code   RO         1022    .ARM.Collect$$_printf_percent$$0000000A  c_w.l(_printf_u.o)
    0x080001e4   0x00000006   Code   RO         1019    .ARM.Collect$$_printf_percent$$0000000B  c_w.l(_printf_o.o)
    0x080001ea   0x00000006   Code   RO         1017    .ARM.Collect$$_printf_percent$$0000000C  c_w.l(_printf_x.o)
    0x080001f0   0x00000006   Code   RO         1028    .ARM.Collect$$_printf_percent$$0000000D  c_w.l(_printf_lli.o)
    0x080001f6   0x00000006   Code   RO         1029    .ARM.Collect$$_printf_percent$$0000000E  c_w.l(_printf_lld.o)
    0x080001fc   0x00000006   Code   RO         1030    .ARM.Collect$$_printf_percent$$0000000F  c_w.l(_printf_llu.o)
    0x08000202   0x00000006   Code   RO         1035    .ARM.Collect$$_printf_percent$$00000010  c_w.l(_printf_llo.o)
    0x08000208   0x00000006   Code   RO         1036    .ARM.Collect$$_printf_percent$$00000011  c_w.l(_printf_llx.o)
    0x0800020e   0x0000000a   Code   RO         1032    .ARM.Collect$$_printf_percent$$00000012  c_w.l(_printf_l.o)
    0x08000218   0x00000006   Code   RO         1014    .ARM.Collect$$_printf_percent$$00000013  c_w.l(_printf_c.o)
    0x0800021e   0x00000006   Code   RO         1015    .ARM.Collect$$_printf_percent$$00000014  c_w.l(_printf_s.o)
    0x08000224   0x00000006   Code   RO         1033    .ARM.Collect$$_printf_percent$$00000015  c_w.l(_printf_lc.o)
    0x0800022a   0x00000006   Code   RO         1034    .ARM.Collect$$_printf_percent$$00000016  c_w.l(_printf_ls.o)
    0x08000230   0x00000004   Code   RO         1077    .ARM.Collect$$_printf_percent$$00000017  c_w.l(_printf_percent_end.o)
    0x08000234   0x00000002   Code   RO         1135    .ARM.Collect$$libinit$$00000000  c_w.l(libinit.o)
    0x08000236   0x00000000   Code   RO         1144    .ARM.Collect$$libinit$$00000002  c_w.l(libinit2.o)
    0x08000236   0x00000000   Code   RO         1146    .ARM.Collect$$libinit$$00000004  c_w.l(libinit2.o)
    0x08000236   0x00000000   Code   RO         1149    .ARM.Collect$$libinit$$0000000A  c_w.l(libinit2.o)
    0x08000236   0x00000000   Code   RO         1151    .ARM.Collect$$libinit$$0000000C  c_w.l(libinit2.o)
    0x08000236   0x00000000   Code   RO         1153    .ARM.Collect$$libinit$$0000000E  c_w.l(libinit2.o)
    0x08000236   0x00000006   Code   RO         1154    .ARM.Collect$$libinit$$0000000F  c_w.l(libinit2.o)
    0x0800023c   0x00000000   Code   RO         1156    .ARM.Collect$$libinit$$00000011  c_w.l(libinit2.o)
    0x0800023c   0x0000000c   Code   RO         1157    .ARM.Collect$$libinit$$00000012  c_w.l(libinit2.o)
    0x08000248   0x00000000   Code   RO         1158    .ARM.Collect$$libinit$$00000013  c_w.l(libinit2.o)
    0x08000248   0x00000000   Code   RO         1160    .ARM.Collect$$libinit$$00000015  c_w.l(libinit2.o)
    0x08000248   0x0000000a   Code   RO         1161    .ARM.Collect$$libinit$$00000016  c_w.l(libinit2.o)
    0x08000252   0x00000000   Code   RO         1162    .ARM.Collect$$libinit$$00000017  c_w.l(libinit2.o)
    0x08000252   0x00000000   Code   RO         1164    .ARM.Collect$$libinit$$00000019  c_w.l(libinit2.o)
    0x08000252   0x00000000   Code   RO         1166    .ARM.Collect$$libinit$$0000001B  c_w.l(libinit2.o)
    0x08000252   0x00000000   Code   RO         1168    .ARM.Collect$$libinit$$0000001D  c_w.l(libinit2.o)
    0x08000252   0x00000000   Code   RO         1170    .ARM.Collect$$libinit$$0000001F  c_w.l(libinit2.o)
    0x08000252   0x00000000   Code   RO         1172    .ARM.Collect$$libinit$$00000021  c_w.l(libinit2.o)
    0x08000252   0x00000000   Code   RO         1174    .ARM.Collect$$libinit$$00000023  c_w.l(libinit2.o)
    0x08000252   0x00000000   Code   RO         1176    .ARM.Collect$$libinit$$00000025  c_w.l(libinit2.o)
    0x08000252   0x00000000   Code   RO         1180    .ARM.Collect$$libinit$$0000002C  c_w.l(libinit2.o)
    0x08000252   0x00000000   Code   RO         1182    .ARM.Collect$$libinit$$0000002E  c_w.l(libinit2.o)
    0x08000252   0x00000000   Code   RO         1184    .ARM.Collect$$libinit$$00000030  c_w.l(libinit2.o)
    0x08000252   0x00000000   Code   RO         1186    .ARM.Collect$$libinit$$00000032  c_w.l(libinit2.o)
    0x08000252   0x00000002   Code   RO         1187    .ARM.Collect$$libinit$$00000033  c_w.l(libinit2.o)
    0x08000254   0x00000002   Code   RO         1207    .ARM.Collect$$libshutdown$$00000000  c_w.l(libshutdown.o)
    0x08000256   0x00000000   Code   RO         1220    .ARM.Collect$$libshutdown$$00000002  c_w.l(libshutdown2.o)
    0x08000256   0x00000000   Code   RO         1222    .ARM.Collect$$libshutdown$$00000004  c_w.l(libshutdown2.o)
    0x08000256   0x00000000   Code   RO         1225    .ARM.Collect$$libshutdown$$00000007  c_w.l(libshutdown2.o)
    0x08000256   0x00000000   Code   RO         1228    .ARM.Collect$$libshutdown$$0000000A  c_w.l(libshutdown2.o)
    0x08000256   0x00000000   Code   RO         1230    .ARM.Collect$$libshutdown$$0000000C  c_w.l(libshutdown2.o)
    0x08000256   0x00000000   Code   RO         1233    .ARM.Collect$$libshutdown$$0000000F  c_w.l(libshutdown2.o)
    0x08000256   0x00000002   Code   RO         1234    .ARM.Collect$$libshutdown$$00000010  c_w.l(libshutdown2.o)
    0x08000258   0x00000000   Code   RO          938    .ARM.Collect$$rtentry$$00000000  c_w.l(__rtentry.o)
    0x08000258   0x00000000   Code   RO         1049    .ARM.Collect$$rtentry$$00000002  c_w.l(__rtentry2.o)
    0x08000258   0x00000006   Code   RO         1061    .ARM.Collect$$rtentry$$00000004  c_w.l(__rtentry4.o)
    0x0800025e   0x00000000   Code   RO         1051    .ARM.Collect$$rtentry$$00000009  c_w.l(__rtentry2.o)
    0x0800025e   0x00000004   Code   RO         1052    .ARM.Collect$$rtentry$$0000000A  c_w.l(__rtentry2.o)
    0x08000262   0x00000000   Code   RO         1054    .ARM.Collect$$rtentry$$0000000C  c_w.l(__rtentry2.o)
    0x08000262   0x00000008   Code   RO         1055    .ARM.Collect$$rtentry$$0000000D  c_w.l(__rtentry2.o)
    0x0800026a   0x00000002   Code   RO         1141    .ARM.Collect$$rtexit$$00000000  c_w.l(rtexit.o)
    0x0800026c   0x00000000   Code   RO         1189    .ARM.Collect$$rtexit$$00000002  c_w.l(rtexit2.o)
    0x0800026c   0x00000004   Code   RO         1190    .ARM.Collect$$rtexit$$00000003  c_w.l(rtexit2.o)
    0x08000270   0x00000006   Code   RO         1191    .ARM.Collect$$rtexit$$00000004  c_w.l(rtexit2.o)
    0x08000276   0x00000002   PAD
    0x08000278   0x00000040   Code   RO            4    .text               startup_stm32f103xe.o
    0x080002b8   0x00000034   Code   RO          911    .text               c_w.l(c89vsnprintf.o)
    0x080002ec   0x0000001a   Code   RO          913    .text               c_w.l(atoi.o)
    0x08000306   0x00000002   PAD
    0x08000308   0x0000000c   Code   RO          915    .text               c_w.l(strtok.o)
    0x08000314   0x00000048   Code   RO          918    .text               c_w.l(strcpy.o)
    0x0800035c   0x0000003e   Code   RO          920    .text               c_w.l(strlen.o)
    0x0800039a   0x00000096   Code   RO          922    .text               c_w.l(strncmp.o)
    0x08000430   0x0000008a   Code   RO          924    .text               c_w.l(rt_memcpy_v6.o)
    0x080004ba   0x00000010   Code   RO          926    .text               c_w.l(aeabi_memset.o)
    0x080004ca   0x00000044   Code   RO          928    .text               c_w.l(rt_memclr.o)
    0x0800050e   0x0000004e   Code   RO          930    .text               c_w.l(rt_memclr_w.o)
    0x0800055c   0x00000080   Code   RO          932    .text               c_w.l(strcmpv7m.o)
    0x080005dc   0x00000006   Code   RO          934    .text               c_w.l(heapauxi.o)
    0x080005e2   0x00000002   PAD
    0x080005e4   0x00000008   Code   RO          942    .text               c_w.l(rt_errno_addr_intlibspace.o)
    0x080005ec   0x0000004e   Code   RO          946    .text               c_w.l(_printf_pad.o)
    0x0800063a   0x00000024   Code   RO          948    .text               c_w.l(_printf_truncate.o)
    0x0800065e   0x00000052   Code   RO          950    .text               c_w.l(_printf_str.o)
    0x080006b0   0x00000078   Code   RO          952    .text               c_w.l(_printf_dec.o)
    0x08000728   0x00000028   Code   RO          954    .text               c_w.l(_printf_charcount.o)
    0x08000750   0x00000030   Code   RO          956    .text               c_w.l(_printf_char_common.o)
    0x08000780   0x0000000a   Code   RO          958    .text               c_w.l(_sputc.o)
    0x0800078a   0x00000010   Code   RO          960    .text               c_w.l(_snputc.o)
    0x0800079a   0x00000002   PAD
    0x0800079c   0x000000bc   Code   RO          962    .text               c_w.l(_printf_wctomb.o)
    0x08000858   0x0000007c   Code   RO          965    .text               c_w.l(_printf_longlong_dec.o)
    0x080008d4   0x00000070   Code   RO          971    .text               c_w.l(_printf_oct_int_ll.o)
    0x08000944   0x00000094   Code   RO          991    .text               c_w.l(_printf_hex_int_ll_ptr.o)
    0x080009d8   0x00000188   Code   RO         1011    .text               c_w.l(__printf_flags_ss_wp.o)
    0x08000b60   0x00000070   Code   RO         1037    .text               c_w.l(strtol.o)
    0x08000bd0   0x00000044   Code   RO         1039    .text               c_w.l(strtok_int.o)
    0x08000c14   0x00000064   Code   RO         1041    .text               c_w.l(rt_memcpy_w.o)
    0x08000c78   0x00000008   Code   RO         1045    .text               c_w.l(libspace.o)
    0x08000c80   0x00000010   Code   RO         1063    .text               c_w.l(rt_ctype_table.o)
    0x08000c90   0x0000008a   Code   RO         1065    .text               c_w.l(lludiv10.o)
    0x08000d1a   0x000000b2   Code   RO         1067    .text               c_w.l(_printf_intcommon.o)
    0x08000dcc   0x0000041a   Code   RO         1069    .text               c_w.l(_printf_fp_dec.o)
    0x080011e6   0x0000002c   Code   RO         1073    .text               c_w.l(_printf_char.o)
    0x08001212   0x0000002c   Code   RO         1075    .text               c_w.l(_printf_wchar.o)
    0x0800123e   0x0000009e   Code   RO         1078    .text               c_w.l(_strtoul.o)
    0x080012dc   0x00000040   Code   RO         1080    .text               c_w.l(_wcrtomb.o)
    0x0800131c   0x00000020   Code   RO         1082    .text               c_w.l(strcspn.o)
    0x0800133c   0x0000001c   Code   RO         1084    .text               c_w.l(strspn.o)
    0x08001358   0x0000004a   Code   RO         1086    .text               c_w.l(sys_stackheap_outer.o)
    0x080013a2   0x00000002   PAD
    0x080013a4   0x00000008   Code   RO         1091    .text               c_w.l(rt_locale_intlibspace.o)
    0x080013ac   0x00000080   Code   RO         1093    .text               c_w.l(_printf_fp_infnan.o)
    0x0800142c   0x0000001c   Code   RO         1095    .text               c_w.l(_chval.o)
    0x08001448   0x000000dc   Code   RO         1097    .text               c_w.l(bigflt0.o)
    0x08001524   0x00000012   Code   RO         1128    .text               c_w.l(exit.o)
    0x08001536   0x00000002   PAD
    0x08001538   0x0000000c   Code   RO         1199    .text               c_w.l(sys_exit.o)
    0x08001544   0x00000002   Code   RO         1210    .text               c_w.l(use_no_semi.o)
    0x08001546   0x00000000   Code   RO         1212    .text               c_w.l(indicate_semi.o)
    0x08001546   0x0000003e   Code   RO         1100    CL$$btod_d2e        c_w.l(btod.o)
    0x08001584   0x00000046   Code   RO         1102    CL$$btod_d2e_denorm_low  c_w.l(btod.o)
    0x080015ca   0x00000060   Code   RO         1101    CL$$btod_d2e_norm_op1  c_w.l(btod.o)
    0x0800162a   0x00000338   Code   RO         1110    CL$$btod_div_common  c_w.l(btod.o)
    0x08001962   0x000000c6   Code   RO         1107    CL$$btod_e2e        c_w.l(btod.o)
    0x08001a28   0x00000028   Code   RO         1104    CL$$btod_ediv       c_w.l(btod.o)
    0x08001a50   0x00000028   Code   RO         1103    CL$$btod_emul       c_w.l(btod.o)
    0x08001a78   0x00000244   Code   RO         1109    CL$$btod_mult_common  c_w.l(btod.o)
    0x08001cbc   0x00000060   Code   RO          682    i.AppJump           boot.o
    0x08001d1c   0x00000010   Code   RO          683    i.BootargsInit      boot.o
    0x08001d2c   0x0000002c   Code   RO          283    i.CmdError          sdio.o
    0x08001d58   0x00000134   Code   RO          284    i.CmdResp1Error     sdio.o
    0x08001e8c   0x0000004c   Code   RO          285    i.CmdResp2Error     sdio.o
    0x08001ed8   0x00000038   Code   RO          286    i.CmdResp3Error     sdio.o
    0x08001f10   0x0000009c   Code   RO          287    i.CmdResp6Error     sdio.o
    0x08001fac   0x0000004c   Code   RO          288    i.CmdResp7Error     sdio.o
    0x08001ff8   0x0000006c   Code   RO          795    i.EEPROM_Init       eeprom.o
    0x08002064   0x00000064   Code   RO          796    i.EEPROM_Read       eeprom.o
    0x080020c8   0x000000c4   Code   RO          797    i.EEPROM_Write      eeprom.o
    0x0800218c   0x00000010   Code   RO          798    i.EEPRom_SendByte   eeprom.o
    0x0800219c   0x0000004c   Code   RO          799    i.EEProm_SectorErrase  eeprom.o
    0x080021e8   0x00000002   Code   RO           13    i.Error_Handle      main.o
    0x080021ea   0x00000002   PAD
    0x080021ec   0x00000050   Code   RO          137    i.FLASH_Erase       flash.o
    0x0800223c   0x00000014   Code   RO          138    i.FLASH_Lock        flash.o
    0x08002250   0x0000007c   Code   RO          139    i.FLASH_Program     flash.o
    0x080022cc   0x00000024   Code   RO          140    i.FLASH_Unlock      flash.o
    0x080022f0   0x00000048   Code   RO          141    i.FLASH_WaitForFinish  flash.o
    0x08002338   0x0000019c   Code   RO          289    i.FindSCR           sdio.o
    0x080024d4   0x0000006c   Code   RO          188    i.GPIO_Init         gpio.o
    0x08002540   0x00000014   Code   RO          189    i.GPIOxH_Init       gpio.o
    0x08002554   0x00000014   Code   RO          190    i.GPIOxL_Init       gpio.o
    0x08002568   0x00000038   Code   RO          684    i.GetBootargFromDefault  boot.o
    0x080025a0   0x00000034   Code   RO          685    i.GetBootargFromEEP  boot.o
    0x080025d4   0x000000b4   Code   RO          686    i.GetImageInfo      boot.o
    0x08002688   0x000000d8   Code   RO          687    i.ImageCopyEepToFlash  boot.o
    0x08002760   0x000000d8   Code   RO          688    i.ImageCopySdToEep  boot.o
    0x08002838   0x000000d4   Code   RO          689    i.ImageCopySdToFlash  boot.o
    0x0800290c   0x00000190   Code   RO           14    i.RCC_Init          main.o
    0x08002a9c   0x00000124   Code   RO          291    i.SDEnWideBus       sdio.o
    0x08002bc0   0x00000070   Code   RO          292    i.SDIOEx_Init       sdio.o
    0x08002c30   0x0000000c   Code   RO          485    i.SDIO_ClearFlag    stm32_sdio.o
    0x08002c3c   0x0000000c   Code   RO          487    i.SDIO_ClockCmd     stm32_sdio.o
    0x08002c48   0x0000000c   Code   RO          490    i.SDIO_DMACmd       stm32_sdio.o
    0x08002c54   0x00000030   Code   RO          491    i.SDIO_DataConfig   stm32_sdio.o
    0x08002c84   0x00000024   Code   RO          493    i.SDIO_DeInit       stm32_sdio.o
    0x08002ca8   0x0000000c   Code   RO          494    i.SDIO_GetCommandResponse  stm32_sdio.o
    0x08002cb4   0x00000018   Code   RO          497    i.SDIO_GetFlagStatus  stm32_sdio.o
    0x08002ccc   0x00000010   Code   RO          499    i.SDIO_GetPowerState  stm32_sdio.o
    0x08002cdc   0x00000018   Code   RO          500    i.SDIO_GetResponse  stm32_sdio.o
    0x08002cf4   0x00000030   Code   RO          502    i.SDIO_Init         stm32_sdio.o
    0x08002d24   0x0000000c   Code   RO          503    i.SDIO_ReadData     stm32_sdio.o
    0x08002d30   0x0000002c   Code   RO          505    i.SDIO_SendCommand  stm32_sdio.o
    0x08002d5c   0x0000001c   Code   RO          507    i.SDIO_SetPowerState  stm32_sdio.o
    0x08002d78   0x00000098   Code   RO          295    i.SD_EnableWideBusOperation  sdio.o
    0x08002e10   0x000002cc   Code   RO          297    i.SD_GetCardInfo    sdio.o
    0x080030dc   0x00000140   Code   RO          301    i.SD_InitializeCards  sdio.o
    0x0800321c   0x00000190   Code   RO          305    i.SD_PowerON        sdio.o
    0x080033ac   0x000001fc   Code   RO          307    i.SD_ReadBlock      sdio.o
    0x080035a8   0x00000034   Code   RO          308    i.SD_SelectDeselect  sdio.o
    0x080035dc   0x0000008c   Code   RO          800    i.SPI_Flash_ReadID  eeprom.o
    0x08003668   0x00000044   Code   RO          876    i.SPI_Init          spi.o
    0x080036ac   0x00000064   Code   RO          877    i.SPI_Transmit      spi.o
    0x08003710   0x0000007c   Code   RO          878    i.SPI_TransmitReceive  spi.o
    0x0800378c   0x00000058   Code   RO           97    i.SystemInit        system_stm32f1xx.o
    0x080037e4   0x00000070   Code   RO          224    i.USART_Init        usart.o
    0x08003854   0x000000b8   Code   RO          225    i.USART_RxProcess   usart.o
    0x0800390c   0x0000002c   Code   RO          226    i.USART_SendData    usart.o
    0x08003938   0x00000028   Code   RO         1139    i.__ARM_fpclassify  m_ws.l(fpclassify.o)
    0x08003960   0x0000000e   Code   RO         1004    i._is_digit         c_w.l(__printf_wp.o)
    0x0800396e   0x00000002   PAD
    0x08003970   0x0000007c   Code   RO          690    i.autoboot          boot.o
    0x080039ec   0x00000048   Code   RO          691    i.boot_backup       boot.o
    0x08003a34   0x00000064   Code   RO          692    i.boot_printenv     boot.o
    0x08003a98   0x0000001c   Code   RO          693    i.boot_saveenv      boot.o
    0x08003ab4   0x00000160   Code   RO          694    i.boot_setenv       boot.o
    0x08003c14   0x00000168   Code   RO          695    i.bootm             boot.o
    0x08003d7c   0x00000012   Code   RO          313    i.convert_from_bytes_to_power_of_two  sdio.o
    0x08003d8e   0x00000002   PAD
    0x08003d90   0x00000044   Code   RO          696    i.execute_command   boot.o
    0x08003dd4   0x000000f0   Code   RO           16    i.main              main.o
    0x08003ec4   0x00000034   Code   RO          801    i.rdsr              eeprom.o
    0x08003ef8   0x00000038   Code   RO          227    i.uartprintf        usart.o
    0x08003f30   0x0000002c   Code   RO          802    i.wdis              eeprom.o
    0x08003f5c   0x00000028   Code   RO          803    i.wen               eeprom.o
    0x08003f84   0x00000016   Code   RO          804    i.wip               eeprom.o
    0x08003f9a   0x00000002   PAD
    0x08003f9c   0x0000004c   Code   RO          805    i.wsr               eeprom.o
    0x08003fe8   0x0000002c   Code   RO         1123    locale$$code        c_w.l(lc_ctype_c.o)
    0x08004014   0x0000002c   Code   RO         1126    locale$$code        c_w.l(lc_numeric_c.o)
    0x08004040   0x00000004   Code   RO         1043    x$fpl$printf1       fz_ws.l(printf1.o)
    0x08004044   0x00000000   Code   RO         1138    x$fpl$usenofp       fz_ws.l(usenofp.o)
    0x08004044   0x000000d0   Data   RO          191    .constdata          gpio.o
    0x08004114   0x00000050   Data   RO          698    .constdata          boot.o
    0x08004164   0x00000008   Data   RO          963    .constdata          c_w.l(_printf_wctomb.o)
    0x0800416c   0x00000028   Data   RO          992    .constdata          c_w.l(_printf_hex_int_ll_ptr.o)
    0x08004194   0x00000011   Data   RO         1012    .constdata          c_w.l(__printf_flags_ss_wp.o)
    0x080041a5   0x00000003   PAD
    0x080041a8   0x00000094   Data   RO         1098    .constdata          c_w.l(bigflt0.o)
    0x0800423c   0x00000020   Data   RO         1265    Region$$Table       anon$$obj.o
    0x0800425c   0x00000110   Data   RO         1122    locale$$data        c_w.l(lc_ctype_c.o)
    0x0800436c   0x0000001c   Data   RO         1125    locale$$data        c_w.l(lc_numeric_c.o)


    Execution Region RW_IRAM1 (Base: 0x20000000, Size: 0x00006670, Max: 0x00010000, ABSOLUTE)

    Base Addr    Size         Type   Attr      Idx    E Section Name        Object

    0x20000000   0x00000004   Data   RW           99    .data               system_stm32f1xx.o
    0x20000004   0x00000001   Data   RW          229    .data               usart.o
    0x20000005   0x00000003   PAD
    0x20000008   0x00000028   Data   RW          315    .data               sdio.o
    0x20000030   0x00000008   Data   RW          699    .data               boot.o
    0x20000038   0x00000004   Data   RW          916    .data               c_w.l(strtok.o)
    0x2000003c   0x000002fd   Zero   RW          228    .bss                usart.o
    0x20000339   0x00000003   PAD
    0x2000033c   0x000000b4   Zero   RW          314    .bss                sdio.o
    0x200003f0   0x00000220   Zero   RW          697    .bss                boot.o
    0x20000610   0x00000060   Zero   RW         1046    .bss                c_w.l(libspace.o)
    0x20000670   0x00002000   Zero   RW            2    HEAP                startup_stm32f103xe.o
    0x20002670   0x00004000   Zero   RW            1    STACK               startup_stm32f103xe.o


==============================================================================

Image component sizes


      Code (inc. data)   RO Data    RW Data    ZI Data      Debug   Object Name

      2148        820         80          8        544      11642   boot.o
       870        106          0          0          0       5685   eeprom.o
       332         36          0          0          0       2864   flash.o
       148          8        208          0          0       1948   gpio.o
       642        158          0          0          0     421921   main.o
      3698        172          0         40        180      24146   sdio.o
       292         16          0          0          0       2128   spi.o
        64         26        304          0      24576        780   startup_stm32f103xe.o
       328         74          0          0          0       7570   stm32_sdio.o
        88         18          0          4          0       1087   system_stm32f1xx.o
       396         44          0          1        765       3236   usart.o

    ----------------------------------------------------------------------
      9012       1478        624         56      26068     483007   Object Totals
         0          0         32          0          0          0   (incl. Generated)
         6          0          0          3          3          0   (incl. Padding)

    ----------------------------------------------------------------------

      Code (inc. data)   RO Data    RW Data    ZI Data      Debug   Library Member Name

         8          0          0          0          0         68   __main.o
       392          4         17          0          0         92   __printf_flags_ss_wp.o
        14          0          0          0          0         68   __printf_wp.o
         0          0          0          0          0          0   __rtentry.o
        12          0          0          0          0          0   __rtentry2.o
         6          0          0          0          0          0   __rtentry4.o
        52          8          0          0          0          0   __scatter.o
        26          0          0          0          0          0   __scatter_copy.o
        28          0          0          0          0          0   __scatter_zi.o
        28          0          0          0          0         68   _chval.o
         6          0          0          0          0          0   _printf_a.o
         6          0          0          0          0          0   _printf_c.o
        44          0          0          0          0        108   _printf_char.o
        48          6          0          0          0         96   _printf_char_common.o
        40          0          0          0          0         68   _printf_charcount.o
         6          0          0          0          0          0   _printf_d.o
       120         16          0          0          0         92   _printf_dec.o
         6          0          0          0          0          0   _printf_e.o
         6          0          0          0          0          0   _printf_f.o
      1050          0          0          0          0        216   _printf_fp_dec.o
       128         16          0          0          0         84   _printf_fp_infnan.o
         6          0          0          0          0          0   _printf_g.o
       148          4         40          0          0        160   _printf_hex_int_ll_ptr.o
         6          0          0          0          0          0   _printf_i.o
       178          0          0          0          0         88   _printf_intcommon.o
        10          0          0          0          0          0   _printf_l.o
         6          0          0          0          0          0   _printf_lc.o
        10          0          0          0          0          0   _printf_ll.o
         6          0          0          0          0          0   _printf_lld.o
         6          0          0          0          0          0   _printf_lli.o
         6          0          0          0          0          0   _printf_llo.o
         6          0          0          0          0          0   _printf_llu.o
         6          0          0          0          0          0   _printf_llx.o
       124         16          0          0          0         92   _printf_longlong_dec.o
         6          0          0          0          0          0   _printf_ls.o
         6          0          0          0          0          0   _printf_n.o
         6          0          0          0          0          0   _printf_o.o
       112         10          0          0          0        124   _printf_oct_int_ll.o
         6          0          0          0          0          0   _printf_p.o
        78          0          0          0          0        108   _printf_pad.o
         0          0          0          0          0          0   _printf_percent.o
         4          0          0          0          0          0   _printf_percent_end.o
         6          0          0          0          0          0   _printf_s.o
        82          0          0          0          0         80   _printf_str.o
        36          0          0          0          0         84   _printf_truncate.o
         6          0          0          0          0          0   _printf_u.o
        44          0          0          0          0        108   _printf_wchar.o
       188          6          8          0          0         92   _printf_wctomb.o
         6          0          0          0          0          0   _printf_x.o
        16          0          0          0          0         68   _snputc.o
        10          0          0          0          0         68   _sputc.o
       158          0          0          0          0         92   _strtoul.o
        64          0          0          0          0         92   _wcrtomb.o
        16          0          0          0          0         68   aeabi_memset.o
        26          0          0          0          0         80   atoi.o
       220          4        148          0          0         96   bigflt0.o
      1910        128          0          0          0        672   btod.o
        52          4          0          0          0         80   c89vsnprintf.o
        18          0          0          0          0         80   exit.o
         6          0          0          0          0        152   heapauxi.o
         0          0          0          0          0          0   indicate_semi.o
        44         10        272          0          0         76   lc_ctype_c.o
        44         10         28          0          0         76   lc_numeric_c.o
         2          0          0          0          0          0   libinit.o
        30          0          0          0          0          0   libinit2.o
         2          0          0          0          0          0   libshutdown.o
         2          0          0          0          0          0   libshutdown2.o
         8          4          0          0         96         68   libspace.o
       138          0          0          0          0         80   lludiv10.o
        16          4          0          0          0         76   rt_ctype_table.o
         8          4          0          0          0         68   rt_errno_addr_intlibspace.o
         8          4          0          0          0         68   rt_locale_intlibspace.o
        68          0          0          0          0         68   rt_memclr.o
        78          0          0          0          0         80   rt_memclr_w.o
       138          0          0          0          0         68   rt_memcpy_v6.o
       100          0          0          0          0         80   rt_memcpy_w.o
         2          0          0          0          0          0   rtexit.o
        10          0          0          0          0          0   rtexit2.o
       128          0          0          0          0         68   strcmpv7m.o
        72          0          0          0          0         80   strcpy.o
        32          0          0          0          0         80   strcspn.o
        62          0          0          0          0         76   strlen.o
       150          0          0          0          0         80   strncmp.o
        28          0          0          0          0         80   strspn.o
        12          6          0          4          0         68   strtok.o
        68          4          0          0          0         84   strtok_int.o
       112          0          0          0          0         88   strtol.o
        12          4          0          0          0         68   sys_exit.o
        74          0          0          0          0         80   sys_stackheap_outer.o
         2          0          0          0          0         68   use_no_semi.o
         4          0          0          0          0         68   printf1.o
         0          0          0          0          0          0   usenofp.o
        40          0          0          0          0         68   fpclassify.o

    ----------------------------------------------------------------------
      7136        272        516          4         96       5308   Library Totals
        16          0          3          0          0          0   (incl. Padding)

    ----------------------------------------------------------------------

      Code (inc. data)   RO Data    RW Data    ZI Data      Debug   Library Name

      7076        272        513          4         96       5172   c_w.l
         4          0          0          0          0         68   fz_ws.l
        40          0          0          0          0         68   m_ws.l

    ----------------------------------------------------------------------
      7136        272        516          4         96       5308   Library Totals

    ----------------------------------------------------------------------

==============================================================================


      Code (inc. data)   RO Data    RW Data    ZI Data      Debug   

     16148       1750       1140         60      26164     481707   Grand Totals
     16148       1750       1140         60      26164     481707   ELF Image Totals
     16148       1750       1140         60          0          0   ROM Totals

==============================================================================

    Total RO  Size (Code + RO Data)                17288 (  16.88kB)
    Total RW  Size (RW Data + ZI Data)             26224 (  25.61kB)
    Total ROM Size (Code + RO Data + RW Data)      17348 (  16.94kB)

==============================================================================

