<html>
<body>
<pre>
<h1>µVision Build Log</h1>
<h2>Tool Versions:</h2>
IDE-Version: ¦ÌVision V5.22.0.0
Copyright (C) 2016 ARM Ltd and ARM Germany GmbH. All rights reserved.
License Information: dzhang Microsoft, Microsoft, LIC=NHY8T-RAHQ4-048SQ-NAD3K-TW5Z9-AU2GF
 
Tool Versions:
Toolchain:       MDK-ARM Professional  Version: 5.22
Toolchain Path:  C:\Keil_v5\ARM\ARMCC\Bin
C Compiler:      Armcc.exe V5.06 update 4 (build 422)
Assembler:       Armasm.exe V5.06 update 4 (build 422)
Linker/Locator:  ArmLink.exe V5.06 update 4 (build 422)
Library Manager: ArmAr.exe V5.06 update 4 (build 422)
Hex Converter:   FromElf.exe V5.06 update 4 (build 422)
CPU DLL:         SARMCM3.DLL V5.22
Dialog DLL:      DCM.DLL V1.13.9.0
Target DLL:      Segger\JL2CM3.dll V2.99.23.0
Dialog DLL:      TCM.DLL V1.21.0.0
 
<h2>Project:</h2>
C:\workspace\stm32_bootloader\stm32iap.uvprojx
Project File Date:  12/13/2019

<h2>Output:</h2>
*** Using Compiler 'V5.06 update 4 (build 422)', folder: 'C:\Keil_v5\ARM\ARMCC\Bin'
Rebuild target 'stm32iap'
assembling startup_stm32f103xe.s...
creating preprocessor file for main.c...
creating preprocessor file for system_stm32f1xx.c...
creating preprocessor file for flash.c...
creating preprocessor file for gpio.c...
creating preprocessor file for usart.c...
creating preprocessor file for sdio.c...
creating preprocessor file for stm32_sdio.c...
compiling main.c...
compiling system_stm32f1xx.c...
creating preprocessor file for boot.c...
compiling flash.c...
creating preprocessor file for eeprom.c...
compiling gpio.c...
compiling usart.c...
creating preprocessor file for spi.c...
compiling stm32_sdio.c...
compiling sdio.c...
compiling boot.c...
compiling eeprom.c...
compiling spi.c...
linking...
Program Size: Code=16148 RO-data=1140 RW-data=60 ZI-data=26164  
FromELF: creating hex file...
".\Objects\stm32iap.axf" - 0 Error(s), 0 Warning(s).

<h2>Collection of Component include folders:</h2>
  C:\workspace\stm32_bootloader\RTE\_stm32iap
  C:\Keil_v5\ARM\PACK\Keil\STM32F1xx_DFP\2.3.0\Device\Include

<h2>Collection of Component Files used:</h2>
Build Time Elapsed:  00:00:05
</pre>
</body>
</html>
